Instruction Classes:
Class:   UDEF                  	not counted
Class: morello add/sub cap     	(hits: user - 185106959, kern - 810084303)
Class: morello ld/st misc1     	(hits: user - 19079006, kern - 120813795)
Class: morello ld/st misc2     	(hits: user - 204971388, kern - 1002525059)
Class: morello ld/st misc3     	(hits: user - 17709432, kern - 88473324)
Class: morello ld/st uovab     	(hits: user - 0, kern - 4)
Class: morello ld/st misc4     	(hits: user - 16904444, kern - 263299508)
Class: morello ld/st uo        	(hits: user - 376225145, kern - 1429541964)
Class: morello sysreg          	(hits: user - 1432995, kern - 10487683)
Class: morello add extreg      	(hits: user - 77408500, kern - 257014929)
Class: morello misc            	(hits: user - 291851048, kern - 1708760546)
Class:   PCrel addr            	(hits: user - 185806583, kern - 526108254)
Class:   Add/Sub (imm)         	(hits: user - 344462889, kern - 1007436530)
Class:   Logical (imm)         	(hits: user - 61502658, kern - 299914303)
Class:   Move Wide (imm)       	(hits: user - 89843543, kern - 461945871)
Class:   Bitfield              	(hits: user - 75183035, kern - 175158963)
Class:   Extract               	(hits: user - 2969777, kern - 18168373)
Class:   Cond Branch (imm)     	(hits: user - 518926880, kern - 1260684963)
Class:   Exception Gen         	(hits: user - 179577, kern - 4)
Class:     NOP                 	not counted
Class:   Hints                 	(hits: user - 25503, kern - 277732014)
Class:   Barriers              	(hits: user - 350498, kern - 29437924)
Class:   PSTATE                	(hits: user - 190967, kern - 15564548)
Class:   System Insn           	(hits: user - 8276961, kern - 34970786)
Class:   System Reg            	(hits: user - 29283075, kern - 47663536)
Class:   Branch (reg)          	(hits: user - 153777129, kern - 22511122)
Class:   Branch (imm)          	(hits: user - 421126345, kern - 328996383)
Class:   Cmp & Branch          	(hits: user - 183050839, kern - 596113695)
Class:   Tst & Branch          	(hits: user - 31216722, kern - 365490597)
Class:   AdvSimd ldstmult      	(hits: user - 446198, kern - 0)
Class:   AdvSimd ldstmult++    	(hits: user - 80, kern - 0)
Class:   AdvSimd ldst          	(hits: user - 466427, kern - 0)
Class:   AdvSimd ldst++        	(hits: user - 142939, kern - 0)
Class:   ldst excl             	(hits: user - 2754342, kern - 5090801)
Class:   Load Reg (lit)        	(hits: user - 174922431, kern - 503117561)
Class:   ldst pair             	(hits: user - 477226231, kern - 1302141884)
Class:   ldst reg (imm)        	(hits: user - 366297031, kern - 1224141069)
Class: Loads & Stores          	(hits: user - 1510154, kern - 0)
Class: Data Proc Reg           	(hits: user - 251919224, kern - 783748851)
Class: Scalar FP               	(hits: user - 2582959, kern - 0)
