Instruction Classes:
Class:   UDEF                  	not counted
Class: morello add/sub cap     	(hits: user - 411195110, kern - 830805873)
Class: morello ld/st misc1     	(hits: user - 28636694, kern - 125607886)
Class: morello ld/st misc2     	(hits: user - 374223100, kern - 1037059207)
Class: morello ld/st misc3     	(hits: user - 27265176, kern - 92200178)
Class: morello ld/st uovab     	(hits: user - 0, kern - 4)
Class: morello ld/st misc4     	(hits: user - 129433558, kern - 266922957)
Class: morello ld/st uo        	(hits: user - 669863273, kern - 1471552005)
Class: morello sysreg          	(hits: user - 18210113, kern - 11290261)
Class: morello add extreg      	(hits: user - 171273941, kern - 260347497)
Class: morello misc            	(hits: user - 689007815, kern - 1751390560)
Class:   PCrel addr            	(hits: user - 305295389, kern - 543022522)
Class:   Add/Sub (imm)         	(hits: user - 503883652, kern - 1027131458)
Class:   Logical (imm)         	(hits: user - 139026371, kern - 305056963)
Class:   Move Wide (imm)       	(hits: user - 192987119, kern - 471824140)
Class:   Bitfield              	(hits: user - 142296606, kern - 177273773)
Class:   Extract               	(hits: user - 2982698, kern - 19838494)
Class:   Cond Branch (imm)     	(hits: user - 865898663, kern - 1283578448)
Class:   Exception Gen         	(hits: user - 187685, kern - 4)
Class:     NOP                 	not counted
Class:   Hints                 	(hits: user - 25506, kern - 287504162)
Class:   Barriers              	(hits: user - 350876, kern - 30275579)
Class:   PSTATE                	(hits: user - 191320, kern - 16098166)
Class:   System Insn           	(hits: user - 8276961, kern - 35168207)
Class:   System Reg            	(hits: user - 132010226, kern - 49547717)
Class:   Branch (reg)          	(hits: user - 278738483, kern - 23674807)
Class:   Branch (imm)          	(hits: user - 499233477, kern - 337298588)
Class:   Cmp & Branch          	(hits: user - 403323760, kern - 609150521)
Class:   Tst & Branch          	(hits: user - 109542058, kern - 372316443)
Class:   AdvSimd ldstmult      	(hits: user - 446198, kern - 0)
Class:   AdvSimd ldstmult++    	(hits: user - 80, kern - 0)
Class:   AdvSimd ldst          	(hits: user - 466432, kern - 0)
Class:   AdvSimd ldst++        	(hits: user - 142873, kern - 0)
Class:   ldst excl             	(hits: user - 2767019, kern - 5278117)
Class:   Load Reg (lit)        	(hits: user - 253285183, kern - 515536511)
Class:   ldst pair             	(hits: user - 824293059, kern - 1324961061)
Class:   ldst reg (imm)        	(hits: user - 467291683, kern - 1252199450)
Class: Loads & Stores          	(hits: user - 1510155, kern - 0)
Class: Data Proc Reg           	(hits: user - 348396355, kern - 799881922)
Class: Scalar FP               	(hits: user - 11539675, kern - 0)
