Instruction Classes:
Class:   UDEF                  	not counted
Class: morello add/sub cap     	(hits: user - 1346980307, kern - 835091733)
Class: morello ld/st misc1     	(hits: user - 22538161, kern - 125035848)
Class: morello ld/st misc2     	(hits: user - 492599772, kern - 1042076816)
Class: morello ld/st misc3     	(hits: user - 21166516, kern - 91519301)
Class: morello ld/st uovab     	(hits: user - 0, kern - 4)
Class: morello ld/st misc4     	(hits: user - 443230049, kern - 273012909)
Class: morello ld/st uo        	(hits: user - 1004689369, kern - 1479306401)
Class: morello sysreg          	(hits: user - 36486144, kern - 11378775)
Class: morello add extreg      	(hits: user - 292601880, kern - 261279138)
Class: morello misc            	(hits: user - 1872203422, kern - 1755840627)
Class:   PCrel addr            	(hits: user - 432040190, kern - 547065742)
Class:   Add/Sub (imm)         	(hits: user - 1282389825, kern - 1066017313)
Class:   Logical (imm)         	(hits: user - 261245054, kern - 306295005)
Class:   Move Wide (imm)       	(hits: user - 235891985, kern - 473109626)
Class:   Bitfield              	(hits: user - 232268949, kern - 177744346)
Class:   Extract               	(hits: user - 2973157, kern - 19594685)
Class:   Cond Branch (imm)     	(hits: user - 2155461042, kern - 1306319333)
Class:   Exception Gen         	(hits: user - 219093, kern - 4)
Class:     NOP                 	not counted
Class:   Hints                 	(hits: user - 25506, kern - 287405191)
Class:   Barriers              	(hits: user - 350889, kern - 29671059)
Class:   PSTATE                	(hits: user - 191288, kern - 16339838)
Class:   System Insn           	(hits: user - 8276961, kern - 35183228)
Class:   System Reg            	(hits: user - 129440526, kern - 49139380)
Class:   Branch (reg)          	(hits: user - 365751944, kern - 23902118)
Class:   Branch (imm)          	(hits: user - 637997841, kern - 338824595)
Class:   Cmp & Branch          	(hits: user - 1195148183, kern - 613440088)
Class:   Tst & Branch          	(hits: user - 391843023, kern - 373666034)
Class:   AdvSimd ldstmult      	(hits: user - 446205, kern - 0)
Class:   AdvSimd ldstmult++    	(hits: user - 81, kern - 0)
Class:   AdvSimd ldst          	(hits: user - 466432, kern - 0)
Class:   AdvSimd ldst++        	(hits: user - 142494, kern - 0)
Class:   ldst excl             	(hits: user - 456133048, kern - 5232179)
Class:   Load Reg (lit)        	(hits: user - 1685351133, kern - 534441063)
Class:   ldst pair             	(hits: user - 2219150315, kern - 1329077619)
Class:   ldst reg (imm)        	(hits: user - 772148835, kern - 1258900786)
Class: Loads & Stores          	(hits: user - 1510339, kern - 0)
Class: Data Proc Reg           	(hits: user - 1042649135, kern - 799138542)
Class: Scalar FP               	(hits: user - 209814010, kern - 0)
