Instruction Classes:
Class:   UDEF                  	not counted
Class: morello add/sub cap     	(hits: user - 2413656773, kern - 842882087)
Class: morello ld/st misc1     	(hits: user - 73463002, kern - 128041839)
Class: morello ld/st misc2     	(hits: user - 1074866537, kern - 1063183858)
Class: morello ld/st misc3     	(hits: user - 72091012, kern - 94336450)
Class: morello ld/st uovab     	(hits: user - 0, kern - 4)
Class: morello ld/st misc4     	(hits: user - 2101208520, kern - 271071659)
Class: morello ld/st uo        	(hits: user - 2045846217, kern - 1499840354)
Class: morello sysreg          	(hits: user - 34948139, kern - 12216078)
Class: morello add extreg      	(hits: user - 996783080, kern - 262214243)
Class: morello misc            	(hits: user - 5997747664, kern - 1776293507)
Class:   PCrel addr            	(hits: user - 775316190, kern - 554201763)
Class:   Add/Sub (imm)         	(hits: user - 4356680452, kern - 1057168910)
Class:   Logical (imm)         	(hits: user - 1455249609, kern - 309181663)
Class:   Move Wide (imm)       	(hits: user - 509499830, kern - 477466350)
Class:   Bitfield              	(hits: user - 936838502, kern - 178484933)
Class:   Extract               	(hits: user - 2972816, kern - 19845023)
Class:   Cond Branch (imm)     	(hits: user - 7663518209, kern - 1310789718)
Class:   Exception Gen         	(hits: user - 284549, kern - 4)
Class:     NOP                 	not counted
Class:   Hints                 	(hits: user - 25506, kern - 291904786)
Class:   Barriers              	(hits: user - 437794, kern - 30202214)
Class:   PSTATE                	(hits: user - 190859, kern - 17030072)
Class:   System Insn           	(hits: user - 8276961, kern - 35202598)
Class:   System Reg            	(hits: user - 128406426, kern - 50574939)
Class:   Branch (reg)          	(hits: user - 781847336, kern - 24044902)
Class:   Branch (imm)          	(hits: user - 1306392963, kern - 343418834)
Class:   Cmp & Branch          	(hits: user - 3788451001, kern - 620290141)
Class:   Tst & Branch          	(hits: user - 2765676904, kern - 375559376)
Class:   AdvSimd ldstmult      	(hits: user - 446205, kern - 0)
Class:   AdvSimd ldstmult++    	(hits: user - 81, kern - 0)
Class:   AdvSimd ldst          	(hits: user - 467048, kern - 0)
Class:   AdvSimd ldst++        	(hits: user - 28142794, kern - 0)
Class:   ldst excl             	(hits: user - 2867784, kern - 5378846)
Class:   Load Reg (lit)        	(hits: user - 5383756538, kern - 549500485)
Class:   ldst pair             	(hits: user - 7625395994, kern - 1337603660)
Class:   ldst reg (imm)        	(hits: user - 3488365426, kern - 1277408873)
Class: Loads & Stores          	(hits: user - 1510339, kern - 0)
Class: Data Proc Reg           	(hits: user - 2549254575, kern - 808741810)
Class: Scalar FP               	(hits: user - 29416941, kern - 0)
