Instruction Classes:
Class:   UDEF                  	not counted
Class: morello add/sub cap     	(hits: user - 3141807985, kern - 830846630)
Class: morello ld/st misc1     	(hits: user - 371281634, kern - 125530882)
Class: morello ld/st misc2     	(hits: user - 1196706906, kern - 1039160970)
Class: morello ld/st misc3     	(hits: user - 369910336, kern - 92325100)
Class: morello ld/st uovab     	(hits: user - 0, kern - 4)
Class: morello ld/st misc4     	(hits: user - 513511501, kern - 267436968)
Class: morello ld/st uo        	(hits: user - 2394010795, kern - 1473392896)
Class: morello sysreg          	(hits: user - 92960133, kern - 11418269)
Class: morello add extreg      	(hits: user - 1530975254, kern - 260817506)
Class: morello misc            	(hits: user - 3198054310, kern - 1750808418)
Class:   PCrel addr            	(hits: user - 1058766600, kern - 543590141)
Class:   Add/Sub (imm)         	(hits: user - 2418269546, kern - 1031007103)
Class:   Logical (imm)         	(hits: user - 1272997232, kern - 306409560)
Class:   Move Wide (imm)       	(hits: user - 474705019, kern - 472310262)
Class:   Bitfield              	(hits: user - 1188627053, kern - 177659674)
Class:   Extract               	(hits: user - 2973135, kern - 19238615)
Class:   Cond Branch (imm)     	(hits: user - 4390251222, kern - 1287806070)
Class:   Exception Gen         	(hits: user - 181344, kern - 4)
Class:     NOP                 	not counted
Class:   Hints                 	(hits: user - 25503, kern - 286778592)
Class:   Barriers              	(hits: user - 350684, kern - 30245830)
Class:   PSTATE                	(hits: user - 191178, kern - 16229866)
Class:   System Insn           	(hits: user - 8276961, kern - 35203748)
Class:   System Reg            	(hits: user - 129920406, kern - 49743335)
Class:   Branch (reg)          	(hits: user - 1545036141, kern - 23363836)
Class:   Branch (imm)          	(hits: user - 1272501890, kern - 338300798)
Class:   Cmp & Branch          	(hits: user - 1660519695, kern - 611296113)
Class:   Tst & Branch          	(hits: user - 516613564, kern - 371791227)
Class:   AdvSimd ldstmult      	(hits: user - 446199, kern - 0)
Class:   AdvSimd ldstmult++    	(hits: user - 80, kern - 0)
Class:   AdvSimd ldst          	(hits: user - 466423, kern - 0)
Class:   AdvSimd ldst++        	(hits: user - 142466, kern - 0)
Class:   ldst excl             	(hits: user - 2748988, kern - 5360020)
Class:   Load Reg (lit)        	(hits: user - 3029152256, kern - 522472785)
Class:   ldst pair             	(hits: user - 5442051376, kern - 1325500018)
Class:   ldst reg (imm)        	(hits: user - 2826169685, kern - 1258172143)
Class: Loads & Stores          	(hits: user - 1510154, kern - 0)
Class: Data Proc Reg           	(hits: user - 4517503674, kern - 800425630)
Class: Scalar FP               	(hits: user - 8787651, kern - 0)
