Instruction Classes:
Class:   UDEF                  	not counted
Class: morello add/sub cap     	(hits: user - 2411460048, kern - 847586680)
Class: morello ld/st misc1     	(hits: user - 19101309, kern - 130098044)
Class: morello ld/st misc2     	(hits: user - 3398433273, kern - 1069143439)
Class: morello ld/st misc3     	(hits: user - 17730306, kern - 96225707)
Class: morello ld/st uovab     	(hits: user - 0, kern - 4)
Class: morello ld/st misc4     	(hits: user - 256714951, kern - 270023927)
Class: morello ld/st uo        	(hits: user - 14556303352, kern - 1510166615)
Class: morello sysreg          	(hits: user - 1560358, kern - 12192067)
Class: morello add extreg      	(hits: user - 102772235, kern - 263933777)
Class: morello misc            	(hits: user - 1756621931, kern - 1786449849)
Class:   PCrel addr            	(hits: user - 3021741852, kern - 558117440)
Class:   Add/Sub (imm)         	(hits: user - 3109376200, kern - 1040233292)
Class:   Logical (imm)         	(hits: user - 1975403797, kern - 311709113)
Class:   Move Wide (imm)       	(hits: user - 264695400, kern - 480804945)
Class:   Bitfield              	(hits: user - 178657200, kern - 179659887)
Class:   Extract               	(hits: user - 2972816, kern - 20266471)
Class:   Cond Branch (imm)     	(hits: user - 4845335572, kern - 1304591081)
Class:   Exception Gen         	(hits: user - 175809, kern - 4)
Class:     NOP                 	not counted
Class:   Hints                 	(hits: user - 25503, kern - 294861612)
Class:   Barriers              	(hits: user - 350786, kern - 31539787)
Class:   PSTATE                	(hits: user - 190859, kern - 16735455)
Class:   System Insn           	(hits: user - 8276961, kern - 35335461)
Class:   System Reg            	(hits: user - 130410771, kern - 52034886)
Class:   Branch (reg)          	(hits: user - 1470497038, kern - 24056734)
Class:   Branch (imm)          	(hits: user - 1559693407, kern - 346041118)
Class:   Cmp & Branch          	(hits: user - 4456991048, kern - 623804754)
Class:   Tst & Branch          	(hits: user - 39044803, kern - 377250184)
Class:   AdvSimd ldstmult      	(hits: user - 446198, kern - 0)
Class:   AdvSimd ldstmult++    	(hits: user - 81, kern - 0)
Class:   AdvSimd ldst          	(hits: user - 466428, kern - 0)
Class:   AdvSimd ldst++        	(hits: user - 142466, kern - 0)
Class:   ldst excl             	(hits: user - 2738379, kern - 5618853)
Class:   Load Reg (lit)        	(hits: user - 368982775, kern - 532686579)
Class:   ldst pair             	(hits: user - 2886655925, kern - 1344441166)
Class:   ldst reg (imm)        	(hits: user - 7648178384, kern - 1286973725)
Class: Loads & Stores          	(hits: user - 1510154, kern - 0)
Class: Data Proc Reg           	(hits: user - 2027037751, kern - 815821434)
Class: Scalar FP               	(hits: user - 3104489, kern - 0)
