Instruction Classes:
Class:   UDEF                  	not counted
Class: morello add/sub cap     	(hits: user - 1948750804, kern - 1927356633)
Class: morello ld/st misc1     	(hits: user - 74294560, kern - 298991362)
Class: morello ld/st misc2     	(hits: user - 1732674236, kern - 2761084880)
Class: morello ld/st misc3     	(hits: user - 72922827, kern - 227913037)
Class: morello ld/st uovab     	(hits: user - 0, kern - 4)
Class: morello ld/st misc4     	(hits: user - 552758989, kern - 439101199)
Class: morello ld/st uo        	(hits: user - 2934292807, kern - 3723698152)
Class: morello sysreg          	(hits: user - 156309138, kern - 68041721)
Class: morello add extreg      	(hits: user - 852338397, kern - 429261267)
Class: morello misc            	(hits: user - 1462817899, kern - 3815316300)
Class:   PCrel addr            	(hits: user - 971056489, kern - 1550105644)
Class:   Add/Sub (imm)         	(hits: user - 2007296701, kern - 1667619378)
Class:   Logical (imm)         	(hits: user - 1563765231, kern - 522172933)
Class:   Move Wide (imm)       	(hits: user - 731489152, kern - 967377840)
Class:   Bitfield              	(hits: user - 1108757889, kern - 279169687)
Class:   Extract               	(hits: user - 2973127, kern - 97231979)
Class:   Cond Branch (imm)     	(hits: user - 2602315507, kern - 2154343258)
Class:   Exception Gen         	(hits: user - 2250047, kern - 4)
Class:     NOP                 	not counted
Class:   Hints                 	(hits: user - 25503, kern - 755789883)
Class:   Barriers              	(hits: user - 350443, kern - 47802657)
Class:   PSTATE                	(hits: user - 190860, kern - 47105363)
Class:   System Insn           	(hits: user - 8276961, kern - 35992184)
Class:   System Reg            	(hits: user - 129794045, kern - 119325370)
Class:   Branch (reg)          	(hits: user - 984903544, kern - 106756945)
Class:   Branch (imm)          	(hits: user - 947785169, kern - 766966209)
Class:   Cmp & Branch          	(hits: user - 951631848, kern - 1304047564)
Class:   Tst & Branch          	(hits: user - 828778518, kern - 696692529)
Class:   AdvSimd ldstmult      	(hits: user - 446198, kern - 0)
Class:   AdvSimd ldstmult++    	(hits: user - 81, kern - 0)
Class:   AdvSimd ldst          	(hits: user - 466433, kern - 0)
Class:   AdvSimd ldst++        	(hits: user - 142494, kern - 0)
Class:   ldst excl             	(hits: user - 107529764, kern - 12614098)
Class:   Load Reg (lit)        	(hits: user - 298297065, kern - 842225799)
Class:   ldst pair             	(hits: user - 2792311898, kern - 2293000974)
Class:   ldst reg (imm)        	(hits: user - 1637318927, kern - 2643854746)
Class: Loads & Stores          	(hits: user - 1510154, kern - 0)
Class: Data Proc Reg           	(hits: user - 1284199196, kern - 1373480532)
Class: Scalar FP               	(hits: user - 104866160, kern - 0)
