Instruction Classes:
Class:   UDEF                  	not counted
Class: morello add/sub cap     	(hits: user - 528512659, kern - 829936262)
Class: morello ld/st misc1     	(hits: user - 50823873, kern - 123753888)
Class: morello ld/st misc2     	(hits: user - 501459936, kern - 1032134994)
Class: morello ld/st misc3     	(hits: user - 49452699, kern - 90560423)
Class: morello ld/st uovab     	(hits: user - 0, kern - 4)
Class: morello ld/st misc4     	(hits: user - 74853192, kern - 268066233)
Class: morello ld/st uo        	(hits: user - 812858883, kern - 1463228135)
Class: morello sysreg          	(hits: user - 16410072, kern - 10767362)
Class: morello add extreg      	(hits: user - 168552678, kern - 262817877)
Class: morello misc            	(hits: user - 629276873, kern - 1756832798)
Class:   PCrel addr            	(hits: user - 313865231, kern - 539291610)
Class:   Add/Sub (imm)         	(hits: user - 510697290, kern - 997969429)
Class:   Logical (imm)         	(hits: user - 162798133, kern - 307663784)
Class:   Move Wide (imm)       	(hits: user - 189759076, kern - 472193843)
Class:   Bitfield              	(hits: user - 173861304, kern - 179714195)
Class:   Extract               	(hits: user - 2973403, kern - 18573010)
Class:   Cond Branch (imm)     	(hits: user - 834948290, kern - 1277200599)
Class:   Exception Gen         	(hits: user - 176843, kern - 4)
Class:     NOP                 	not counted
Class:   Hints                 	(hits: user - 25503, kern - 284161305)
Class:   Barriers              	(hits: user - 350914, kern - 30151281)
Class:   PSTATE                	(hits: user - 191238, kern - 15870979)
Class:   System Insn           	(hits: user - 8276961, kern - 35721199)
Class:   System Reg            	(hits: user - 131910987, kern - 48839933)
Class:   Branch (reg)          	(hits: user - 305283007, kern - 22905578)
Class:   Branch (imm)          	(hits: user - 557445131, kern - 337030134)
Class:   Cmp & Branch          	(hits: user - 401619834, kern - 611163578)
Class:   Tst & Branch          	(hits: user - 100341518, kern - 375143913)
Class:   AdvSimd ldstmult      	(hits: user - 446247, kern - 0)
Class:   AdvSimd ldstmult++    	(hits: user - 87, kern - 0)
Class:   AdvSimd ldst          	(hits: user - 466434, kern - 0)
Class:   AdvSimd ldst++        	(hits: user - 142602, kern - 0)
Class:   ldst excl             	(hits: user - 2741949, kern - 5221375)
Class:   Load Reg (lit)        	(hits: user - 253552080, kern - 503953579)
Class:   ldst pair             	(hits: user - 893515977, kern - 1339588603)
Class:   ldst reg (imm)        	(hits: user - 545731018, kern - 1255825188)
Class: Loads & Stores          	(hits: user - 1511449, kern - 0)
Class: Data Proc Reg           	(hits: user - 384081402, kern - 802346291)
Class: Scalar FP               	(hits: user - 3120644, kern - 0)
