Instruction Classes:
Class:   UDEF                  	not counted
Class: morello add/sub cap     	(hits: user - 1269966098, kern - 983630560)
Class: morello ld/st misc1     	(hits: user - 20167557, kern - 141002595)
Class: morello ld/st misc2     	(hits: user - 1862247630, kern - 1231526829)
Class: morello ld/st misc3     	(hits: user - 18796297, kern - 100323550)
Class: morello ld/st uovab     	(hits: user - 0, kern - 4)
Class: morello ld/st misc4     	(hits: user - 244009001, kern - 309424869)
Class: morello ld/st uo        	(hits: user - 2224106328, kern - 1741621268)
Class: morello sysreg          	(hits: user - 1420580, kern - 12964563)
Class: morello add extreg      	(hits: user - 1053605810, kern - 304041125)
Class: morello misc            	(hits: user - 1385240442, kern - 2058502399)
Class:   PCrel addr            	(hits: user - 1382802105, kern - 640496157)
Class:   Add/Sub (imm)         	(hits: user - 836168110, kern - 1114822285)
Class:   Logical (imm)         	(hits: user - 291325591, kern - 369828970)
Class:   Move Wide (imm)       	(hits: user - 1255859691, kern - 559485088)
Class:   Bitfield              	(hits: user - 104519312, kern - 206667674)
Class:   Extract               	(hits: user - 2972938, kern - 21681054)
Class:   Cond Branch (imm)     	(hits: user - 1787326644, kern - 1435956813)
Class:   Exception Gen         	(hits: user - 175719, kern - 4)
Class:     NOP                 	not counted
Class:   Hints                 	(hits: user - 25506, kern - 329796003)
Class:   Barriers              	(hits: user - 350752, kern - 32617365)
Class:   PSTATE                	(hits: user - 191031, kern - 19300918)
Class:   System Insn           	(hits: user - 8276961, kern - 48870162)
Class:   System Reg            	(hits: user - 129749762, kern - 55796424)
Class:   Branch (reg)          	(hits: user - 769389212, kern - 26739671)
Class:   Branch (imm)          	(hits: user - 1078608881, kern - 394915182)
Class:   Cmp & Branch          	(hits: user - 767838030, kern - 720249911)
Class:   Tst & Branch          	(hits: user - 209332587, kern - 444928072)
Class:   AdvSimd ldstmult      	(hits: user - 446198, kern - 0)
Class:   AdvSimd ldstmult++    	(hits: user - 80, kern - 0)
Class:   AdvSimd ldst          	(hits: user - 466425, kern - 0)
Class:   AdvSimd ldst++        	(hits: user - 142466, kern - 0)
Class:   ldst excl             	(hits: user - 2737790, kern - 7084356)
Class:   Load Reg (lit)        	(hits: user - 943172366, kern - 555821188)
Class:   ldst pair             	(hits: user - 2142660211, kern - 1490641451)
Class:   ldst reg (imm)        	(hits: user - 5452735522, kern - 1472433952)
Class: Loads & Stores          	(hits: user - 1510154, kern - 0)
Class: Data Proc Reg           	(hits: user - 1264194400, kern - 911134868)
Class: Scalar FP               	(hits: user - 3749086589, kern - 0)
