Instruction Classes:
Class:   UDEF                  	not counted
Class: morello add/sub cap     	(hits: user - 909065408, kern - 841155167)
Class: morello ld/st misc1     	(hits: user - 22225624, kern - 124750317)
Class: morello ld/st misc2     	(hits: user - 288849720, kern - 1045265423)
Class: morello ld/st misc3     	(hits: user - 20854080, kern - 90976499)
Class: morello ld/st uovab     	(hits: user - 0, kern - 4)
Class: morello ld/st misc4     	(hits: user - 534820731, kern - 271607936)
Class: morello ld/st uo        	(hits: user - 455432659, kern - 1486321889)
Class: morello sysreg          	(hits: user - 3821763, kern - 11147549)
Class: morello add extreg      	(hits: user - 285422219, kern - 265267280)
Class: morello misc            	(hits: user - 1233124640, kern - 1771708846)
Class:   PCrel addr            	(hits: user - 209336281, kern - 547208836)
Class:   Add/Sub (imm)         	(hits: user - 501017178, kern - 1032962057)
Class:   Logical (imm)         	(hits: user - 89688420, kern - 312141378)
Class:   Move Wide (imm)       	(hits: user - 146032522, kern - 479067181)
Class:   Bitfield              	(hits: user - 120666542, kern - 180697927)
Class:   Extract               	(hits: user - 2972958, kern - 18876326)
Class:   Cond Branch (imm)     	(hits: user - 1391364400, kern - 1295509606)
Class:   Exception Gen         	(hits: user - 179915, kern - 4)
Class:     NOP                 	not counted
Class:   Hints                 	(hits: user - 25506, kern - 287614779)
Class:   Barriers              	(hits: user - 350231, kern - 30251929)
Class:   PSTATE                	(hits: user - 190697, kern - 16338297)
Class:   System Insn           	(hits: user - 8276961, kern - 37339553)
Class:   System Reg            	(hits: user - 129891522, kern - 49498965)
Class:   Branch (reg)          	(hits: user - 174618549, kern - 23415511)
Class:   Branch (imm)          	(hits: user - 443399306, kern - 340807910)
Class:   Cmp & Branch          	(hits: user - 484208263, kern - 618073396)
Class:   Tst & Branch          	(hits: user - 182076495, kern - 379662936)
Class:   AdvSimd ldstmult      	(hits: user - 446212, kern - 0)
Class:   AdvSimd ldstmult++    	(hits: user - 82, kern - 0)
Class:   AdvSimd ldst          	(hits: user - 466433, kern - 0)
Class:   AdvSimd ldst++        	(hits: user - 142514, kern - 0)
Class:   ldst excl             	(hits: user - 3262375, kern - 5437596)
Class:   Load Reg (lit)        	(hits: user - 315239493, kern - 515681385)
Class:   ldst pair             	(hits: user - 1470467165, kern - 1337160422)
Class:   ldst reg (imm)        	(hits: user - 403109392, kern - 1268335821)
Class: Loads & Stores          	(hits: user - 1510525, kern - 0)
Class: Data Proc Reg           	(hits: user - 1087177424, kern - 806211225)
Class: Scalar FP               	(hits: user - 3657469, kern - 0)
