Instruction Classes:
Class:   UDEF                  	not counted
Class: morello add/sub cap     	(hits: user - 15456941630, kern - 910535334)
Class: morello ld/st misc1     	(hits: user - 126249353, kern - 144846261)
Class: morello ld/st misc2     	(hits: user - 2735078276, kern - 1186506237)
Class: morello ld/st misc3     	(hits: user - 124878356, kern - 108277161)
Class: morello ld/st uovab     	(hits: user - 0, kern - 4)
Class: morello ld/st misc4     	(hits: user - 11976195845, kern - 290591523)
Class: morello ld/st uo        	(hits: user - 2271774415, kern - 1644665525)
Class: morello sysreg          	(hits: user - 10099642, kern - 15732948)
Class: morello add extreg      	(hits: user - 778819272, kern - 272438792)
Class: morello misc            	(hits: user - 47630550868, kern - 1915450165)
Class:   PCrel addr            	(hits: user - 898244378, kern - 612814237)
Class:   Add/Sub (imm)         	(hits: user - 4449256886, kern - 1221520804)
Class:   Logical (imm)         	(hits: user - 868553869, kern - 326790887)
Class:   Move Wide (imm)       	(hits: user - 822190277, kern - 508735994)
Class:   Bitfield              	(hits: user - 775576934, kern - 184685088)
Class:   Extract               	(hits: user - 2980957, kern - 24148366)
Class:   Cond Branch (imm)     	(hits: user - 28122482719, kern - 1443716675)
Class:   Exception Gen         	(hits: user - 391137, kern - 4)
Class:     NOP                 	not counted
Class:   Hints                 	(hits: user - 25503, kern - 323969210)
Class:   Barriers              	(hits: user - 350922, kern - 32993129)
Class:   PSTATE                	(hits: user - 191212, kern - 19558823)
Class:   System Insn           	(hits: user - 8276961, kern - 35161768)
Class:   System Reg            	(hits: user - 130664253, kern - 57778696)
Class:   Branch (reg)          	(hits: user - 597279428, kern - 27680489)
Class:   Branch (imm)          	(hits: user - 1019901013, kern - 373077985)
Class:   Cmp & Branch          	(hits: user - 23898685137, kern - 667220049)
Class:   Tst & Branch          	(hits: user - 11980470176, kern - 395046945)
Class:   AdvSimd ldstmult      	(hits: user - 446212, kern - 0)
Class:   AdvSimd ldstmult++    	(hits: user - 82, kern - 0)
Class:   AdvSimd ldst          	(hits: user - 466427, kern - 0)
Class:   AdvSimd ldst++        	(hits: user - 142466, kern - 0)
Class:   ldst excl             	(hits: user - 3127255, kern - 6038888)
Class:   Load Reg (lit)        	(hits: user - 11956351547, kern - 667824159)
Class:   ldst pair             	(hits: user - 28599204667, kern - 1408588318)
Class:   ldst reg (imm)        	(hits: user - 1560550570, kern - 1384340205)
Class: Loads & Stores          	(hits: user - 1510524, kern - 0)
Class: Data Proc Reg           	(hits: user - 1345558897, kern - 860822246)
Class: Scalar FP               	(hits: user - 10944612, kern - 0)
