Instruction Classes:
Class:   UDEF                  	not counted
Class: morello add/sub cap     	(hits: user - 2239234250, kern - 838018095)
Class: morello ld/st misc1     	(hits: user - 32099120, kern - 127385062)
Class: morello ld/st misc2     	(hits: user - 1378531654, kern - 1051680845)
Class: morello ld/st misc3     	(hits: user - 30727541, kern - 93756863)
Class: morello ld/st uovab     	(hits: user - 0, kern - 4)
Class: morello ld/st misc4     	(hits: user - 4816738331, kern - 270325751)
Class: morello ld/st uo        	(hits: user - 2014156656, kern - 1488761916)
Class: morello sysreg          	(hits: user - 100329214, kern - 11719616)
Class: morello add extreg      	(hits: user - 566399011, kern - 261703039)
Class: morello misc            	(hits: user - 4476537034, kern - 1765258627)
Class:   PCrel addr            	(hits: user - 792046364, kern - 549680814)
Class:   Add/Sub (imm)         	(hits: user - 8712789000, kern - 1054423259)
Class:   Logical (imm)         	(hits: user - 402757668, kern - 308116576)
Class:   Move Wide (imm)       	(hits: user - 1190664454, kern - 475183386)
Class:   Bitfield              	(hits: user - 854356909, kern - 178223531)
Class:   Extract               	(hits: user - 2972750, kern - 19597663)
Class:   Cond Branch (imm)     	(hits: user - 4014745685, kern - 1304691543)
Class:   Exception Gen         	(hits: user - 198712, kern - 4)
Class:     NOP                 	not counted
Class:   Hints                 	(hits: user - 25503, kern - 289966925)
Class:   Barriers              	(hits: user - 350747, kern - 30706476)
Class:   PSTATE                	(hits: user - 191047, kern - 16523407)
Class:   System Insn           	(hits: user - 8276961, kern - 35169384)
Class:   System Reg            	(hits: user - 132273614, kern - 50681794)
Class:   Branch (reg)          	(hits: user - 712956200, kern - 23707201)
Class:   Branch (imm)          	(hits: user - 819858558, kern - 341116145)
Class:   Cmp & Branch          	(hits: user - 2607062061, kern - 616557622)
Class:   Tst & Branch          	(hits: user - 1049651792, kern - 374398697)
Class:   AdvSimd ldstmult      	(hits: user - 446199, kern - 0)
Class:   AdvSimd ldstmult++    	(hits: user - 80, kern - 0)
Class:   AdvSimd ldst          	(hits: user - 466435, kern - 0)
Class:   AdvSimd ldst++        	(hits: user - 142474, kern - 0)
Class:   ldst excl             	(hits: user - 5602339, kern - 5391998)
Class:   Load Reg (lit)        	(hits: user - 4745523822, kern - 536444446)
Class:   ldst pair             	(hits: user - 4583399981, kern - 1333495244)
Class:   ldst reg (imm)        	(hits: user - 963340260, kern - 1269245926)
Class: Loads & Stores          	(hits: user - 1510154, kern - 0)
Class: Data Proc Reg           	(hits: user - 890060294, kern - 805421064)
Class: Scalar FP               	(hits: user - 4103461, kern - 0)
