Instruction Classes:
Class:   UDEF                  	not counted
Class: morello add/sub cap     	(hits: user - 185136786, kern - 826097139)
Class: morello ld/st misc1     	(hits: user - 19034133, kern - 124920996)
Class: morello ld/st misc2     	(hits: user - 205612052, kern - 1030738919)
Class: morello ld/st misc3     	(hits: user - 17663802, kern - 91840263)
Class: morello ld/st uovab     	(hits: user - 0, kern - 4)
Class: morello ld/st misc4     	(hits: user - 16884031, kern - 266383571)
Class: morello ld/st uo        	(hits: user - 375712562, kern - 1463881634)
Class: morello sysreg          	(hits: user - 1417183, kern - 11161750)
Class: morello add extreg      	(hits: user - 77342839, kern - 259926285)
Class: morello misc            	(hits: user - 291877950, kern - 1742228349)
Class:   PCrel addr            	(hits: user - 2905310330, kern - 539623640)
Class:   Add/Sub (imm)         	(hits: user - 3970671261, kern - 1027047268)
Class:   Logical (imm)         	(hits: user - 1216630428, kern - 304933191)
Class:   Move Wide (imm)       	(hits: user - 288018359, kern - 469888253)
Class:   Bitfield              	(hits: user - 177643538, kern - 177177827)
Class:   Extract               	(hits: user - 2973204, kern - 19048566)
Class:   Cond Branch (imm)     	(hits: user - 4939364417, kern - 1282577043)
Class:   Exception Gen         	(hits: user - 175733, kern - 4)
Class:     NOP                 	not counted
Class:   Hints                 	(hits: user - 27462, kern - 285064600)
Class:   Barriers              	(hits: user - 351033, kern - 30483006)
Class:   PSTATE                	(hits: user - 191020, kern - 16063058)
Class:   System Insn           	(hits: user - 8345804, kern - 35183678)
Class:   System Reg            	(hits: user - 129659299, kern - 49698425)
Class:   Branch (reg)          	(hits: user - 1469893313, kern - 23136746)
Class:   Branch (imm)          	(hits: user - 1164672919, kern - 336097695)
Class:   Cmp & Branch          	(hits: user - 4243073373, kern - 607862865)
Class:   Tst & Branch          	(hits: user - 131833199, kern - 370838230)
Class:   AdvSimd ldstmult      	(hits: user - 446354, kern - 0)
Class:   AdvSimd ldstmult++    	(hits: user - 81, kern - 0)
Class:   AdvSimd ldst          	(hits: user - 466436, kern - 0)
Class:   AdvSimd ldst++        	(hits: user - 142374, kern - 0)
Class:   ldst excl             	(hits: user - 2737804, kern - 5291437)
Class:   Load Reg (lit)        	(hits: user - 505932024, kern - 518047761)
Class:   ldst pair             	(hits: user - 7088641791, kern - 1321122833)
Class:   ldst reg (imm)        	(hits: user - 21031362641, kern - 1250900636)
Class: Loads & Stores          	(hits: user - 1510872, kern - 0)
Class: Data Proc Reg           	(hits: user - 2433736008, kern - 797705606)
Class: Scalar FP               	(hits: user - 3117428, kern - 0)
