Instruction Classes:
Class:   UDEF                  	not counted
Class: morello add/sub cap     	(hits: user - 185135076, kern - 876637629)
Class: morello ld/st misc1     	(hits: user - 19034583, kern - 135970194)
Class: morello ld/st misc2     	(hits: user - 205612650, kern - 1121613165)
Class: morello ld/st misc3     	(hits: user - 17664250, kern - 100705014)
Class: morello ld/st uovab     	(hits: user - 0, kern - 4)
Class: morello ld/st misc4     	(hits: user - 16879472, kern - 281727860)
Class: morello ld/st uo        	(hits: user - 375720476, kern - 1570833384)
Class: morello sysreg          	(hits: user - 1417719, kern - 13768460)
Class: morello add extreg      	(hits: user - 77345058, kern - 267061916)
Class: morello misc            	(hits: user - 291882437, kern - 1847102946)
Class:   PCrel addr            	(hits: user - 835343640, kern - 581652689)
Class:   Add/Sub (imm)         	(hits: user - 18175767550, kern - 1333020928)
Class:   Logical (imm)         	(hits: user - 561287952, kern - 316905609)
Class:   Move Wide (imm)       	(hits: user - 512298622, kern - 492924747)
Class:   Bitfield              	(hits: user - 617540895, kern - 181271221)
Class:   Extract               	(hits: user - 2980953, kern - 21919475)
Class:   Cond Branch (imm)     	(hits: user - 26483712518, kern - 1474816944)
Class:   Exception Gen         	(hits: user - 381952, kern - 4)
Class:     NOP                 	not counted
Class:   Hints                 	(hits: user - 7195537, kern - 307665138)
Class:   Barriers              	(hits: user - 350643, kern - 31377532)
Class:   PSTATE                	(hits: user - 190967, kern - 18307605)
Class:   System Insn           	(hits: user - 731354996, kern - 35565776)
Class:   System Reg            	(hits: user - 146301327, kern - 53896319)
Class:   Branch (reg)          	(hits: user - 497675685, kern - 26025103)
Class:   Branch (imm)          	(hits: user - 1033215831, kern - 357182104)
Class:   Cmp & Branch          	(hits: user - 969617849, kern - 641908636)
Class:   Tst & Branch          	(hits: user - 1243589273, kern - 386815651)
Class:   AdvSimd ldstmult      	(hits: user - 2537646, kern - 0)
Class:   AdvSimd ldstmult++    	(hits: user - 81, kern - 0)
Class:   AdvSimd ldst          	(hits: user - 466434, kern - 0)
Class:   AdvSimd ldst++        	(hits: user - 142408, kern - 0)
Class:   ldst excl             	(hits: user - 3108983, kern - 5536534)
Class:   Load Reg (lit)        	(hits: user - 7750913527, kern - 712940325)
Class:   ldst pair             	(hits: user - 27298928179, kern - 1371783018)
Class:   ldst reg (imm)        	(hits: user - 13855758596, kern - 1326668913)
Class: Loads & Stores          	(hits: user - 1543130, kern - 0)
Class: Data Proc Reg           	(hits: user - 8803758419, kern - 831927459)
Class: Scalar FP               	(hits: user - 10536067, kern - 0)
