Instruction Classes:
Class:   UDEF                  	not counted
Class: morello add/sub cap     	(hits: user - 185170924, kern - 846520028)
Class: morello ld/st misc1     	(hits: user - 19040692, kern - 127179718)
Class: morello ld/st misc2     	(hits: user - 205633999, kern - 1061322755)
Class: morello ld/st misc3     	(hits: user - 17670372, kern - 93542253)
Class: morello ld/st uovab     	(hits: user - 0, kern - 4)
Class: morello ld/st misc4     	(hits: user - 22434545, kern - 272247027)
Class: morello ld/st uo        	(hits: user - 375760648, kern - 1501483070)
Class: morello sysreg          	(hits: user - 1419016, kern - 11903058)
Class: morello add extreg      	(hits: user - 77353941, kern - 264173813)
Class: morello misc            	(hits: user - 291946984, kern - 1784611748)
Class:   PCrel addr            	(hits: user - 749066571, kern - 553210655)
Class:   Add/Sub (imm)         	(hits: user - 6230452028, kern - 1052871224)
Class:   Logical (imm)         	(hits: user - 1102580293, kern - 311043389)
Class:   Move Wide (imm)       	(hits: user - 395901247, kern - 480685936)
Class:   Bitfield              	(hits: user - 773788968, kern - 179833760)
Class:   Extract               	(hits: user - 2972989, kern - 19492797)
Class:   Cond Branch (imm)     	(hits: user - 7410096301, kern - 1311531220)
Class:   Exception Gen         	(hits: user - 287104, kern - 4)
Class:     NOP                 	not counted
Class:   Hints                 	(hits: user - 17022911, kern - 291908383)
Class:   Barriers              	(hits: user - 437847, kern - 30587317)
Class:   PSTATE                	(hits: user - 190812, kern - 16874751)
Class:   System Insn           	(hits: user - 87228170, kern - 36508840)
Class:   System Reg            	(hits: user - 168238927, kern - 50517239)
Class:   Branch (reg)          	(hits: user - 773546968, kern - 23968033)
Class:   Branch (imm)          	(hits: user - 1310707235, kern - 344148508)
Class:   Cmp & Branch          	(hits: user - 1292096395, kern - 622005740)
Class:   Tst & Branch          	(hits: user - 1595810951, kern - 380165090)
Class:   AdvSimd ldstmult      	(hits: user - 818155, kern - 0)
Class:   AdvSimd ldstmult++    	(hits: user - 85, kern - 0)
Class:   AdvSimd ldst          	(hits: user - 466425, kern - 0)
Class:   AdvSimd ldst++        	(hits: user - 142412, kern - 0)
Class:   ldst excl             	(hits: user - 2865436, kern - 5387720)
Class:   Load Reg (lit)        	(hits: user - 5350048480, kern - 543363205)
Class:   ldst pair             	(hits: user - 8589392641, kern - 1341484626)
Class:   ldst reg (imm)        	(hits: user - 6336115703, kern - 1279955271)
Class: Loads & Stores          	(hits: user - 1510915, kern - 0)
Class: Data Proc Reg           	(hits: user - 4139224577, kern - 810456587)
Class: Scalar FP               	(hits: user - 30357586, kern - 0)
