Instruction Classes:
Class:   UDEF                  	not counted
Class: morello add/sub cap     	(hits: user - 185411919, kern - 817713960)
Class: morello ld/st misc1     	(hits: user - 19083189, kern - 121622337)
Class: morello ld/st misc2     	(hits: user - 205935834, kern - 1013100190)
Class: morello ld/st misc3     	(hits: user - 17713400, kern - 88942769)
Class: morello ld/st uovab     	(hits: user - 0, kern - 4)
Class: morello ld/st misc4     	(hits: user - 16900516, kern - 265182830)
Class: morello ld/st uo        	(hits: user - 376279377, kern - 1443305929)
Class: morello sysreg          	(hits: user - 1434892, kern - 10623488)
Class: morello add extreg      	(hits: user - 77412354, kern - 259004228)
Class: morello misc            	(hits: user - 292427245, kern - 1723561943)
Class:   PCrel addr            	(hits: user - 302950902, kern - 531281796)
Class:   Add/Sub (imm)         	(hits: user - 773142929, kern - 1013037873)
Class:   Logical (imm)         	(hits: user - 82429490, kern - 302726056)
Class:   Move Wide (imm)       	(hits: user - 176328946, kern - 466204751)
Class:   Bitfield              	(hits: user - 147332495, kern - 176448627)
Class:   Extract               	(hits: user - 2974766, kern - 18428112)
Class:   Cond Branch (imm)     	(hits: user - 757900562, kern - 1268945382)
Class:   Exception Gen         	(hits: user - 180224, kern - 4)
Class:     NOP                 	not counted
Class:   Hints                 	(hits: user - 35443, kern - 280041313)
Class:   Barriers              	(hits: user - 350713, kern - 29405892)
Class:   PSTATE                	(hits: user - 191163, kern - 15725781)
Class:   System Insn           	(hits: user - 8312839, kern - 35491075)
Class:   System Reg            	(hits: user - 145377024, kern - 47857573)
Class:   Branch (reg)          	(hits: user - 304051352, kern - 22723974)
Class:   Branch (imm)          	(hits: user - 561857361, kern - 331922269)
Class:   Cmp & Branch          	(hits: user - 290318235, kern - 601447966)
Class:   Tst & Branch          	(hits: user - 44508283, kern - 368609894)
Class:   AdvSimd ldstmult      	(hits: user - 446603, kern - 0)
Class:   AdvSimd ldstmult++    	(hits: user - 83, kern - 0)
Class:   AdvSimd ldst          	(hits: user - 466434, kern - 0)
Class:   AdvSimd ldst++        	(hits: user - 142978, kern - 0)
Class:   ldst excl             	(hits: user - 2756110, kern - 5171008)
Class:   Load Reg (lit)        	(hits: user - 251977239, kern - 506640699)
Class:   ldst pair             	(hits: user - 1216782297, kern - 1310847462)
Class:   ldst reg (imm)        	(hits: user - 841033083, kern - 1234934253)
Class: Loads & Stores          	(hits: user - 1510608, kern - 0)
Class: Data Proc Reg           	(hits: user - 435079580, kern - 789290590)
Class: Scalar FP               	(hits: user - 3128564, kern - 0)
