Instruction Classes:
Class:   UDEF                  	not counted
Class: morello add/sub cap     	(hits: user - 185127253, kern - 915696116)
Class: morello ld/st misc1     	(hits: user - 19033696, kern - 133075969)
Class: morello ld/st misc2     	(hits: user - 205608079, kern - 1140015607)
Class: morello ld/st misc3     	(hits: user - 17663367, kern - 95603330)
Class: morello ld/st uovab     	(hits: user - 0, kern - 4)
Class: morello ld/st misc4     	(hits: user - 16879003, kern - 291923678)
Class: morello ld/st uo        	(hits: user - 375713543, kern - 1618024425)
Class: morello sysreg          	(hits: user - 1417426, kern - 11819797)
Class: morello add extreg      	(hits: user - 77343823, kern - 285040788)
Class: morello misc            	(hits: user - 291869975, kern - 1921225550)
Class:   PCrel addr            	(hits: user - 1382015740, kern - 594873254)
Class:   Add/Sub (imm)         	(hits: user - 1914456768, kern - 1077796115)
Class:   Logical (imm)         	(hits: user - 71442952, kern - 342375794)
Class:   Move Wide (imm)       	(hits: user - 1267104363, kern - 520576984)
Class:   Bitfield              	(hits: user - 91193743, kern - 193938808)
Class:   Extract               	(hits: user - 2972784, kern - 20274722)
Class:   Cond Branch (imm)     	(hits: user - 1855311045, kern - 1370068624)
Class:   Exception Gen         	(hits: user - 175638, kern - 4)
Class:     NOP                 	not counted
Class:   Hints                 	(hits: user - 26288, kern - 309041633)
Class:   Barriers              	(hits: user - 350909, kern - 31328382)
Class:   PSTATE                	(hits: user - 191293, kern - 17750390)
Class:   System Insn           	(hits: user - 16431602, kern - 43334181)
Class:   System Reg            	(hits: user - 131100228, kern - 52577172)
Class:   Branch (reg)          	(hits: user - 770129700, kern - 24980523)
Class:   Branch (imm)          	(hits: user - 1082835388, kern - 368500379)
Class:   Cmp & Branch          	(hits: user - 415384929, kern - 671293735)
Class:   Tst & Branch          	(hits: user - 33550735, kern - 413962565)
Class:   AdvSimd ldstmult      	(hits: user - 446341, kern - 0)
Class:   AdvSimd ldstmult++    	(hits: user - 80, kern - 0)
Class:   AdvSimd ldst          	(hits: user - 466431, kern - 0)
Class:   AdvSimd ldst++        	(hits: user - 142396, kern - 0)
Class:   ldst excl             	(hits: user - 2737247, kern - 6242924)
Class:   Load Reg (lit)        	(hits: user - 1124830843, kern - 536738732)
Class:   ldst pair             	(hits: user - 4245240574, kern - 1417285988)
Class:   ldst reg (imm)        	(hits: user - 7715182462, kern - 1374532510)
Class: Loads & Stores          	(hits: user - 1510317, kern - 0)
Class: Data Proc Reg           	(hits: user - 1393982444, kern - 861026583)
Class: Scalar FP               	(hits: user - 3749105135, kern - 0)
