Instruction Classes:
Class:   UDEF                  	not counted
Class: morello add/sub cap     	(hits: user - 185187631, kern - 835056726)
Class: morello ld/st misc1     	(hits: user - 19042828, kern - 125635475)
Class: morello ld/st misc2     	(hits: user - 205643004, kern - 1041752759)
Class: morello ld/st misc3     	(hits: user - 17672507, kern - 92135486)
Class: morello ld/st uovab     	(hits: user - 0, kern - 4)
Class: morello ld/st misc4     	(hits: user - 16885409, kern - 275675987)
Class: morello ld/st uo        	(hits: user - 375782389, kern - 1480294132)
Class: morello sysreg          	(hits: user - 1419777, kern - 11386731)
Class: morello add extreg      	(hits: user - 77361197, kern - 261126569)
Class: morello misc            	(hits: user - 291977743, kern - 1757854460)
Class:   PCrel addr            	(hits: user - 394719443, kern - 547003800)
Class:   Add/Sub (imm)         	(hits: user - 3123306189, kern - 1113183532)
Class:   Logical (imm)         	(hits: user - 139509218, kern - 306291638)
Class:   Move Wide (imm)       	(hits: user - 257735115, kern - 473141814)
Class:   Bitfield              	(hits: user - 223597795, kern - 177730555)
Class:   Extract               	(hits: user - 2972925, kern - 19557418)
Class:   Cond Branch (imm)     	(hits: user - 2629566124, kern - 1330838021)
Class:   Exception Gen         	(hits: user - 225373, kern - 4)
Class:     NOP                 	not counted
Class:   Hints                 	(hits: user - 15795030, kern - 288038764)
Class:   Barriers              	(hits: user - 350726, kern - 30234782)
Class:   PSTATE                	(hits: user - 191112, kern - 16385965)
Class:   System Insn           	(hits: user - 29018311, kern - 35166224)
Class:   System Reg            	(hits: user - 167508305, kern - 49792391)
Class:   Branch (reg)          	(hits: user - 374698100, kern - 23950377)
Class:   Branch (imm)          	(hits: user - 659002700, kern - 338975187)
Class:   Cmp & Branch          	(hits: user - 780762215, kern - 613610609)
Class:   Tst & Branch          	(hits: user - 128759971, kern - 374521140)
Class:   AdvSimd ldstmult      	(hits: user - 4011678, kern - 0)
Class:   AdvSimd ldstmult++    	(hits: user - 82, kern - 0)
Class:   AdvSimd ldst          	(hits: user - 466437, kern - 0)
Class:   AdvSimd ldst++        	(hits: user - 142442, kern - 0)
Class:   ldst excl             	(hits: user - 37900739, kern - 5207891)
Class:   Load Reg (lit)        	(hits: user - 3540093134, kern - 556993212)
Class:   ldst pair             	(hits: user - 3342863952, kern - 1330160890)
Class:   ldst reg (imm)        	(hits: user - 1748174563, kern - 1259661009)
Class: Loads & Stores          	(hits: user - 1510554, kern - 0)
Class: Data Proc Reg           	(hits: user - 1887794173, kern - 799620403)
Class: Scalar FP               	(hits: user - 247589864, kern - 0)
