Instruction Classes:
Class:   UDEF                  	not counted
Class: morello add/sub cap     	(hits: user - 185178614, kern - 828104133)
Class: morello ld/st misc1     	(hits: user - 19041908, kern - 125104386)
Class: morello ld/st misc2     	(hits: user - 205638966, kern - 1033699965)
Class: morello ld/st misc3     	(hits: user - 17671582, kern - 91926476)
Class: morello ld/st uovab     	(hits: user - 0, kern - 4)
Class: morello ld/st misc4     	(hits: user - 16882292, kern - 269465730)
Class: morello ld/st uo        	(hits: user - 375774401, kern - 1467978220)
Class: morello sysreg          	(hits: user - 1419680, kern - 11296087)
Class: morello add extreg      	(hits: user - 77357860, kern - 259907578)
Class: morello misc            	(hits: user - 291965368, kern - 1746086818)
Class:   PCrel addr            	(hits: user - 739927676, kern - 541319489)
Class:   Add/Sub (imm)         	(hits: user - 8433231952, kern - 1082357691)
Class:   Logical (imm)         	(hits: user - 154233074, kern - 304861356)
Class:   Move Wide (imm)       	(hits: user - 552766581, kern - 470251216)
Class:   Bitfield              	(hits: user - 371322300, kern - 177030353)
Class:   Extract               	(hits: user - 2972775, kern - 19121361)
Class:   Cond Branch (imm)     	(hits: user - 5179900832, kern - 1311907359)
Class:   Exception Gen         	(hits: user - 210643, kern - 4)
Class:     NOP                 	not counted
Class:   Hints                 	(hits: user - 1415110, kern - 285795474)
Class:   Barriers              	(hits: user - 350788, kern - 30356037)
Class:   PSTATE                	(hits: user - 191278, kern - 16241952)
Class:   System Insn           	(hits: user - 72878272, kern - 35109548)
Class:   System Reg            	(hits: user - 229788141, kern - 49746528)
Class:   Branch (reg)          	(hits: user - 676926506, kern - 23396055)
Class:   Branch (imm)          	(hits: user - 804965774, kern - 336646096)
Class:   Cmp & Branch          	(hits: user - 672160067, kern - 609041861)
Class:   Tst & Branch          	(hits: user - 195365754, kern - 371752819)
Class:   AdvSimd ldstmult      	(hits: user - 471512, kern - 0)
Class:   AdvSimd ldstmult++    	(hits: user - 82, kern - 0)
Class:   AdvSimd ldst          	(hits: user - 466431, kern - 0)
Class:   AdvSimd ldst++        	(hits: user - 142440, kern - 0)
Class:   ldst excl             	(hits: user - 5130661, kern - 5215657)
Class:   Load Reg (lit)        	(hits: user - 8548239905, kern - 547842999)
Class:   ldst pair             	(hits: user - 6250538095, kern - 1322636369)
Class:   ldst reg (imm)        	(hits: user - 3699168029, kern - 1252778116)
Class: Loads & Stores          	(hits: user - 1510546, kern - 0)
Class: Data Proc Reg           	(hits: user - 5157574136, kern - 797531848)
Class: Scalar FP               	(hits: user - 4497034, kern - 0)
