Instruction Classes:
Class:   UDEF                  	not counted
Class: morello add/sub cap     	(hits: user - 185180002, kern - 820497020)
Class: morello ld/st misc1     	(hits: user - 19041082, kern - 123631375)
Class: morello ld/st misc2     	(hits: user - 205636759, kern - 1020650030)
Class: morello ld/st misc3     	(hits: user - 17670745, kern - 91041744)
Class: morello ld/st uovab     	(hits: user - 0, kern - 4)
Class: morello ld/st misc4     	(hits: user - 16883549, kern - 265222797)
Class: morello ld/st uo        	(hits: user - 375767828, kern - 1451889736)
Class: morello sysreg          	(hits: user - 1419326, kern - 11039514)
Class: morello add extreg      	(hits: user - 77357664, kern - 259237659)
Class: morello misc            	(hits: user - 291956959, kern - 1731904544)
Class:   PCrel addr            	(hits: user - 1056179684, kern - 534936572)
Class:   Add/Sub (imm)         	(hits: user - 5751975617, kern - 1016955330)
Class:   Logical (imm)         	(hits: user - 532410252, kern - 303136684)
Class:   Move Wide (imm)       	(hits: user - 459663898, kern - 467569444)
Class:   Bitfield              	(hits: user - 1202060621, kern - 176537606)
Class:   Extract               	(hits: user - 2973168, kern - 18824079)
Class:   Cond Branch (imm)     	(hits: user - 4607346271, kern - 1273996453)
Class:   Exception Gen         	(hits: user - 183512, kern - 4)
Class:     NOP                 	not counted
Class:   Hints                 	(hits: user - 5612315, kern - 283063286)
Class:   Barriers              	(hits: user - 350721, kern - 30389863)
Class:   PSTATE                	(hits: user - 191185, kern - 15870827)
Class:   System Insn           	(hits: user - 31441817, kern - 35147739)
Class:   System Reg            	(hits: user - 229509652, kern - 49184935)
Class:   Branch (reg)          	(hits: user - 1563912080, kern - 23035688)
Class:   Branch (imm)          	(hits: user - 1285410273, kern - 333919952)
Class:   Cmp & Branch          	(hits: user - 999836671, kern - 603498020)
Class:   Tst & Branch          	(hits: user - 216461731, kern - 369100698)
Class:   AdvSimd ldstmult      	(hits: user - 454188, kern - 0)
Class:   AdvSimd ldstmult++    	(hits: user - 80, kern - 0)
Class:   AdvSimd ldst          	(hits: user - 466428, kern - 0)
Class:   AdvSimd ldst++        	(hits: user - 142413, kern - 0)
Class:   ldst excl             	(hits: user - 2753136, kern - 5234985)
Class:   Load Reg (lit)        	(hits: user - 2916670093, kern - 513028484)
Class:   ldst pair             	(hits: user - 8660319616, kern - 1314260252)
Class:   ldst reg (imm)        	(hits: user - 5599331568, kern - 1242196199)
Class: Loads & Stores          	(hits: user - 1510176, kern - 0)
Class: Data Proc Reg           	(hits: user - 6521223706, kern - 793959621)
Class: Scalar FP               	(hits: user - 8796804, kern - 0)
