Instruction Classes:
Class:   UDEF                  	not counted
Class: morello add/sub cap     	(hits: user - 185155029, kern - 825394735)
Class: morello ld/st misc1     	(hits: user - 19037570, kern - 124684516)
Class: morello ld/st misc2     	(hits: user - 205622537, kern - 1029567783)
Class: morello ld/st misc3     	(hits: user - 17667243, kern - 91694252)
Class: morello ld/st uovab     	(hits: user - 0, kern - 4)
Class: morello ld/st misc4     	(hits: user - 16879189, kern - 266090292)
Class: morello ld/st uo        	(hits: user - 375742404, kern - 1462502202)
Class: morello sysreg          	(hits: user - 1418681, kern - 11160777)
Class: morello add extreg      	(hits: user - 77351050, kern - 259940945)
Class: morello misc            	(hits: user - 291916433, kern - 1740735746)
Class:   PCrel addr            	(hits: user - 2905270544, kern - 539108097)
Class:   Add/Sub (imm)         	(hits: user - 3970644055, kern - 1022152011)
Class:   Logical (imm)         	(hits: user - 1216637728, kern - 304734008)
Class:   Move Wide (imm)       	(hits: user - 287955548, kern - 469676835)
Class:   Bitfield              	(hits: user - 177454877, kern - 177096878)
Class:   Extract               	(hits: user - 2972768, kern - 19006941)
Class:   Cond Branch (imm)     	(hits: user - 4939129926, kern - 1279602208)
Class:   Exception Gen         	(hits: user - 175731, kern - 4)
Class:     NOP                 	not counted
Class:   Hints                 	(hits: user - 27458, kern - 284799772)
Class:   Barriers              	(hits: user - 351082, kern - 30406638)
Class:   PSTATE                	(hits: user - 190967, kern - 16030940)
Class:   System Insn           	(hits: user - 8345676, kern - 35187963)
Class:   System Reg            	(hits: user - 129463175, kern - 49559075)
Class:   Branch (reg)          	(hits: user - 1469689216, kern - 23138397)
Class:   Branch (imm)          	(hits: user - 1164241015, kern - 335903226)
Class:   Cmp & Branch          	(hits: user - 4243026824, kern - 607333837)
Class:   Tst & Branch          	(hits: user - 131851847, kern - 370481698)
Class:   AdvSimd ldstmult      	(hits: user - 446361, kern - 0)
Class:   AdvSimd ldstmult++    	(hits: user - 82, kern - 0)
Class:   AdvSimd ldst          	(hits: user - 466433, kern - 0)
Class:   AdvSimd ldst++        	(hits: user - 142413, kern - 0)
Class:   ldst excl             	(hits: user - 2738053, kern - 5291085)
Class:   Load Reg (lit)        	(hits: user - 505821652, kern - 515601732)
Class:   ldst pair             	(hits: user - 7088171998, kern - 1319992949)
Class:   ldst reg (imm)        	(hits: user - 21031066767, kern - 1249870068)
Class: Loads & Stores          	(hits: user - 1511058, kern - 0)
Class: Data Proc Reg           	(hits: user - 2433481936, kern - 797052296)
Class: Scalar FP               	(hits: user - 3114886, kern - 0)
