Instruction Classes:
Class:   UDEF                  	not counted
Class: morello add/sub cap     	(hits: user - 185417990, kern - 852129629)
Class: morello ld/st misc1     	(hits: user - 19091479, kern - 125702379)
Class: morello ld/st misc2     	(hits: user - 205937844, kern - 1057605742)
Class: morello ld/st misc3     	(hits: user - 17722186, kern - 91386345)
Class: morello ld/st uovab     	(hits: user - 0, kern - 4)
Class: morello ld/st misc4     	(hits: user - 16975279, kern - 274706051)
Class: morello ld/st uo        	(hits: user - 376274391, kern - 1503713676)
Class: morello sysreg          	(hits: user - 1437627, kern - 11010148)
Class: morello add extreg      	(hits: user - 77397280, kern - 267524715)
Class: morello misc            	(hits: user - 292441455, kern - 1792548693)
Class:   PCrel addr            	(hits: user - 205869351, kern - 553018234)
Class:   Add/Sub (imm)         	(hits: user - 1116055676, kern - 1042451357)
Class:   Logical (imm)         	(hits: user - 76002310, kern - 315463184)
Class:   Move Wide (imm)       	(hits: user - 145435708, kern - 484872904)
Class:   Bitfield              	(hits: user - 120517781, kern - 182201906)
Class:   Extract               	(hits: user - 2975006, kern - 19028699)
Class:   Cond Branch (imm)     	(hits: user - 1416666243, kern - 1307584759)
Class:   Exception Gen         	(hits: user - 185329, kern - 4)
Class:     NOP                 	not counted
Class:   Hints                 	(hits: user - 774667, kern - 290435313)
Class:   Barriers              	(hits: user - 350422, kern - 30374396)
Class:   PSTATE                	(hits: user - 190961, kern - 16429659)
Class:   System Insn           	(hits: user - 32247109, kern - 38351343)
Class:   System Reg            	(hits: user - 130789829, kern - 49759204)
Class:   Branch (reg)          	(hits: user - 170697382, kern - 23539013)
Class:   Branch (imm)          	(hits: user - 441633283, kern - 344477129)
Class:   Cmp & Branch          	(hits: user - 212273454, kern - 625199844)
Class:   Tst & Branch          	(hits: user - 47302783, kern - 384935892)
Class:   AdvSimd ldstmult      	(hits: user - 547715, kern - 0)
Class:   AdvSimd ldstmult++    	(hits: user - 81, kern - 0)
Class:   AdvSimd ldst          	(hits: user - 466431, kern - 0)
Class:   AdvSimd ldst++        	(hits: user - 143226, kern - 0)
Class:   ldst excl             	(hits: user - 3214570, kern - 5513801)
Class:   Load Reg (lit)        	(hits: user - 473389974, kern - 519811490)
Class:   ldst pair             	(hits: user - 1606256522, kern - 1348534302)
Class:   ldst reg (imm)        	(hits: user - 646240244, kern - 1282280836)
Class: Loads & Stores          	(hits: user - 1510370, kern - 0)
Class: Data Proc Reg           	(hits: user - 856931635, kern - 812837862)
Class: Scalar FP               	(hits: user - 52806461, kern - 0)
