Instruction Classes:
Class:   UDEF                  	not counted
Class: morello add/sub cap     	(hits: user - 185152705, kern - 820738664)
Class: morello ld/st misc1     	(hits: user - 19036765, kern - 123814154)
Class: morello ld/st misc2     	(hits: user - 205623205, kern - 1021563008)
Class: morello ld/st misc3     	(hits: user - 17666433, kern - 91084620)
Class: morello ld/st uovab     	(hits: user - 0, kern - 4)
Class: morello ld/st misc4     	(hits: user - 16884945, kern - 265382845)
Class: morello ld/st uo        	(hits: user - 375735863, kern - 1453058208)
Class: morello sysreg          	(hits: user - 1417691, kern - 11019444)
Class: morello add extreg      	(hits: user - 77351156, kern - 259203785)
Class: morello misc            	(hits: user - 291909852, kern - 1732248807)
Class:   PCrel addr            	(hits: user - 1057563014, kern - 535358450)
Class:   Add/Sub (imm)         	(hits: user - 5728254742, kern - 1024060582)
Class:   Logical (imm)         	(hits: user - 532333074, kern - 303185955)
Class:   Move Wide (imm)       	(hits: user - 460429758, kern - 467442726)
Class:   Bitfield              	(hits: user - 1202884656, kern - 176562982)
Class:   Extract               	(hits: user - 2973516, kern - 18801015)
Class:   Cond Branch (imm)     	(hits: user - 4584103582, kern - 1277723396)
Class:   Exception Gen         	(hits: user - 183423, kern - 4)
Class:     NOP                 	not counted
Class:   Hints                 	(hits: user - 5612262, kern - 283097878)
Class:   Barriers              	(hits: user - 350531, kern - 30417140)
Class:   PSTATE                	(hits: user - 191011, kern - 15911216)
Class:   System Insn           	(hits: user - 31432369, kern - 35142736)
Class:   System Reg            	(hits: user - 226683313, kern - 49295247)
Class:   Branch (reg)          	(hits: user - 1561508309, kern - 23016425)
Class:   Branch (imm)          	(hits: user - 1280030611, kern - 333903039)
Class:   Cmp & Branch          	(hits: user - 1000872141, kern - 603815841)
Class:   Tst & Branch          	(hits: user - 209694831, kern - 369272492)
Class:   AdvSimd ldstmult      	(hits: user - 454095, kern - 0)
Class:   AdvSimd ldstmult++    	(hits: user - 80, kern - 0)
Class:   AdvSimd ldst          	(hits: user - 466431, kern - 0)
Class:   AdvSimd ldst++        	(hits: user - 142406, kern - 0)
Class:   ldst excl             	(hits: user - 2752662, kern - 5224111)
Class:   Load Reg (lit)        	(hits: user - 2906547613, kern - 516396228)
Class:   ldst pair             	(hits: user - 8654798773, kern - 1314932032)
Class:   ldst reg (imm)        	(hits: user - 5597985501, kern - 1242783002)
Class: Loads & Stores          	(hits: user - 1510176, kern - 0)
Class: Data Proc Reg           	(hits: user - 6506571631, kern - 793905551)
Class: Scalar FP               	(hits: user - 8794976, kern - 0)
