Instruction Classes:
Class:   UDEF                  	not counted
Class: morello add/sub cap     	(hits: user - 185155310, kern - 834409077)
Class: morello ld/st misc1     	(hits: user - 19037578, kern - 125193299)
Class: morello ld/st misc2     	(hits: user - 205623764, kern - 1040918015)
Class: morello ld/st misc3     	(hits: user - 17667250, kern - 91718219)
Class: morello ld/st uovab     	(hits: user - 0, kern - 4)
Class: morello ld/st misc4     	(hits: user - 16887283, kern - 275234209)
Class: morello ld/st uo        	(hits: user - 375741194, kern - 1478873100)
Class: morello sysreg          	(hits: user - 1418120, kern - 11381448)
Class: morello add extreg      	(hits: user - 77351786, kern - 261052586)
Class: morello misc            	(hits: user - 291915780, kern - 1755399088)
Class:   PCrel addr            	(hits: user - 396253496, kern - 546648706)
Class:   Add/Sub (imm)         	(hits: user - 3068563925, kern - 1108385802)
Class:   Logical (imm)         	(hits: user - 137940890, kern - 306093384)
Class:   Move Wide (imm)       	(hits: user - 257871678, kern - 472841551)
Class:   Bitfield              	(hits: user - 220170299, kern - 177691772)
Class:   Extract               	(hits: user - 2973055, kern - 19586904)
Class:   Cond Branch (imm)     	(hits: user - 2575092088, kern - 1327865805)
Class:   Exception Gen         	(hits: user - 223501, kern - 4)
Class:     NOP                 	not counted
Class:   Hints                 	(hits: user - 15085129, kern - 287462474)
Class:   Barriers              	(hits: user - 350620, kern - 29837514)
Class:   PSTATE                	(hits: user - 191067, kern - 16366867)
Class:   System Insn           	(hits: user - 29058678, kern - 35133114)
Class:   System Reg            	(hits: user - 164941504, kern - 49374549)
Class:   Branch (reg)          	(hits: user - 371185587, kern - 23932516)
Class:   Branch (imm)          	(hits: user - 652287110, kern - 338759326)
Class:   Cmp & Branch          	(hits: user - 770674693, kern - 613177435)
Class:   Tst & Branch          	(hits: user - 126406404, kern - 373825827)
Class:   AdvSimd ldstmult      	(hits: user - 4147529, kern - 0)
Class:   AdvSimd ldstmult++    	(hits: user - 81, kern - 0)
Class:   AdvSimd ldst          	(hits: user - 466434, kern - 0)
Class:   AdvSimd ldst++        	(hits: user - 142417, kern - 0)
Class:   ldst excl             	(hits: user - 37892778, kern - 5205803)
Class:   Load Reg (lit)        	(hits: user - 3450481405, kern - 555088503)
Class:   ldst pair             	(hits: user - 3286798646, kern - 1329163676)
Class:   ldst reg (imm)        	(hits: user - 1726955959, kern - 1258681491)
Class: Loads & Stores          	(hits: user - 1510370, kern - 0)
Class: Data Proc Reg           	(hits: user - 1849512744, kern - 798875204)
Class: Scalar FP               	(hits: user - 247264935, kern - 0)
