Instruction Classes:
Class:   UDEF                  	not counted
Class: morello add/sub cap     	(hits: user - 185154495, kern - 938154854)
Class: morello ld/st misc1     	(hits: user - 19038143, kern - 144954311)
Class: morello ld/st misc2     	(hits: user - 205623968, kern - 1216931459)
Class: morello ld/st misc3     	(hits: user - 17667829, kern - 108444918)
Class: morello ld/st uovab     	(hits: user - 0, kern - 4)
Class: morello ld/st misc4     	(hits: user - 16887664, kern - 282490247)
Class: morello ld/st uo        	(hits: user - 375749417, kern - 1695585222)
Class: morello sysreg          	(hits: user - 1418583, kern - 17510079)
Class: morello add extreg      	(hits: user - 77353654, kern - 275241420)
Class: morello misc            	(hits: user - 291918908, kern - 1952399442)
Class:   PCrel addr            	(hits: user - 959186185, kern - 641448177)
Class:   Add/Sub (imm)         	(hits: user - 3027162957, kern - 1094461575)
Class:   Logical (imm)         	(hits: user - 627505913, kern - 326071570)
Class:   Move Wide (imm)       	(hits: user - 662012027, kern - 517022036)
Class:   Bitfield              	(hits: user - 535098737, kern - 185559092)
Class:   Extract               	(hits: user - 2972704, kern - 26993079)
Class:   Cond Branch (imm)     	(hits: user - 1913546894, kern - 1376402718)
Class:   Exception Gen         	(hits: user - 351008, kern - 4)
Class:     NOP                 	not counted
Class:   Hints                 	(hits: user - 100727037, kern - 335417004)
Class:   Barriers              	(hits: user - 350832, kern - 33282483)
Class:   PSTATE                	(hits: user - 191177, kern - 19080423)
Class:   System Insn           	(hits: user - 15363612, kern - 35122972)
Class:   System Reg            	(hits: user - 285148133, kern - 57914110)
Class:   Branch (reg)          	(hits: user - 972512932, kern - 31396511)
Class:   Branch (imm)          	(hits: user - 935772517, kern - 382575750)
Class:   Cmp & Branch          	(hits: user - 961020664, kern - 677550407)
Class:   Tst & Branch          	(hits: user - 908317406, kern - 402644239)
Class:   AdvSimd ldstmult      	(hits: user - 446345, kern - 0)
Class:   AdvSimd ldstmult++    	(hits: user - 85, kern - 0)
Class:   AdvSimd ldst          	(hits: user - 466435, kern - 0)
Class:   AdvSimd ldst++        	(hits: user - 142424, kern - 0)
Class:   ldst excl             	(hits: user - 105589414, kern - 6005804)
Class:   Load Reg (lit)        	(hits: user - 595196769, kern - 556160343)
Class:   ldst pair             	(hits: user - 4295200535, kern - 1425541886)
Class:   ldst reg (imm)        	(hits: user - 3963306429, kern - 1391817715)
Class: Loads & Stores          	(hits: user - 1511114, kern - 0)
Class: Data Proc Reg           	(hits: user - 1631234721, kern - 857200616)
Class: Scalar FP               	(hits: user - 103899809, kern - 0)
