Instruction Classes:
Class:   UDEF                  	not counted
Class: morello add/sub cap     	(hits: user - 185207947, kern - 956720363)
Class: morello ld/st misc1     	(hits: user - 19045271, kern - 147879024)
Class: morello ld/st misc2     	(hits: user - 205654503, kern - 1247013607)
Class: morello ld/st misc3     	(hits: user - 17674941, kern - 110690315)
Class: morello ld/st uovab     	(hits: user - 0, kern - 4)
Class: morello ld/st misc4     	(hits: user - 16893190, kern - 285687243)
Class: morello ld/st uo        	(hits: user - 375797044, kern - 1734068121)
Class: morello sysreg          	(hits: user - 1420030, kern - 18471989)
Class: morello add extreg      	(hits: user - 77364356, kern - 278117064)
Class: morello misc            	(hits: user - 292007380, kern - 1986851265)
Class:   PCrel addr            	(hits: user - 959606542, kern - 658277300)
Class:   Add/Sub (imm)         	(hits: user - 3031103740, kern - 1108766984)
Class:   Logical (imm)         	(hits: user - 628235787, kern - 329930907)
Class:   Move Wide (imm)       	(hits: user - 662907399, kern - 525439936)
Class:   Bitfield              	(hits: user - 536348023, kern - 187286204)
Class:   Extract               	(hits: user - 2973265, kern - 28253954)
Class:   Cond Branch (imm)     	(hits: user - 1920444397, kern - 1393432867)
Class:   Exception Gen         	(hits: user - 381944, kern - 4)
Class:     NOP                 	not counted
Class:   Hints                 	(hits: user - 100736821, kern - 343168173)
Class:   Barriers              	(hits: user - 350924, kern - 33444825)
Class:   PSTATE                	(hits: user - 191348, kern - 19632823)
Class:   System Insn           	(hits: user - 15437876, kern - 35209666)
Class:   System Reg            	(hits: user - 281333464, kern - 59058366)
Class:   Branch (reg)          	(hits: user - 969319830, kern - 32730746)
Class:   Branch (imm)          	(hits: user - 929371844, kern - 390046446)
Class:   Cmp & Branch          	(hits: user - 957668939, kern - 689620244)
Class:   Tst & Branch          	(hits: user - 904748154, kern - 408040776)
Class:   AdvSimd ldstmult      	(hits: user - 446364, kern - 0)
Class:   AdvSimd ldstmult++    	(hits: user - 81, kern - 0)
Class:   AdvSimd ldst          	(hits: user - 466430, kern - 0)
Class:   AdvSimd ldst++        	(hits: user - 142453, kern - 0)
Class:   ldst excl             	(hits: user - 105619287, kern - 6135095)
Class:   Load Reg (lit)        	(hits: user - 594341147, kern - 563744524)
Class:   ldst pair             	(hits: user - 4307395378, kern - 1443146049)
Class:   ldst reg (imm)        	(hits: user - 3971111875, kern - 1415871213)
Class: Loads & Stores          	(hits: user - 1510372, kern - 0)
Class: Data Proc Reg           	(hits: user - 1635761317, kern - 867355073)
Class: Scalar FP               	(hits: user - 103930887, kern - 0)
