Instruction Classes:
Class:   UDEF                  	not counted
Class: morello add/sub cap     	(hits: user - 185172678, kern - 914988588)
Class: morello ld/st misc1     	(hits: user - 19039949, kern - 132956293)
Class: morello ld/st misc2     	(hits: user - 205632440, kern - 1138871286)
Class: morello ld/st misc3     	(hits: user - 17669616, kern - 95556448)
Class: morello ld/st uovab     	(hits: user - 0, kern - 4)
Class: morello ld/st misc4     	(hits: user - 16882051, kern - 291718755)
Class: morello ld/st uo        	(hits: user - 375760006, kern - 1616605999)
Class: morello sysreg          	(hits: user - 1419065, kern - 11803147)
Class: morello add extreg      	(hits: user - 77355560, kern - 285017153)
Class: morello misc            	(hits: user - 291944575, kern - 1919991696)
Class:   PCrel addr            	(hits: user - 1382051559, kern - 594290596)
Class:   Add/Sub (imm)         	(hits: user - 1914500121, kern - 1075554523)
Class:   Logical (imm)         	(hits: user - 71453315, kern - 342196182)
Class:   Move Wide (imm)       	(hits: user - 1267111913, kern - 520325872)
Class:   Bitfield              	(hits: user - 91188526, kern - 193874453)
Class:   Extract               	(hits: user - 2972876, kern - 20300568)
Class:   Cond Branch (imm)     	(hits: user - 1854134731, kern - 1368619519)
Class:   Exception Gen         	(hits: user - 175643, kern - 4)
Class:     NOP                 	not counted
Class:   Hints                 	(hits: user - 26287, kern - 308834634)
Class:   Barriers              	(hits: user - 350696, kern - 31333366)
Class:   PSTATE                	(hits: user - 191026, kern - 17725460)
Class:   System Insn           	(hits: user - 16431346, kern - 43339573)
Class:   System Reg            	(hits: user - 129877481, kern - 52527704)
Class:   Branch (reg)          	(hits: user - 768908819, kern - 24963502)
Class:   Branch (imm)          	(hits: user - 1080396196, kern - 368294601)
Class:   Cmp & Branch          	(hits: user - 415445170, kern - 670789090)
Class:   Tst & Branch          	(hits: user - 33561716, kern - 413704051)
Class:   AdvSimd ldstmult      	(hits: user - 446342, kern - 0)
Class:   AdvSimd ldstmult++    	(hits: user - 80, kern - 0)
Class:   AdvSimd ldst          	(hits: user - 466431, kern - 0)
Class:   AdvSimd ldst++        	(hits: user - 142412, kern - 0)
Class:   ldst excl             	(hits: user - 2737565, kern - 6240777)
Class:   Load Reg (lit)        	(hits: user - 1124863833, kern - 535827672)
Class:   ldst pair             	(hits: user - 4244099138, kern - 1416622305)
Class:   ldst reg (imm)        	(hits: user - 7715228814, kern - 1373653375)
Class: Loads & Stores          	(hits: user - 1510315, kern - 0)
Class: Data Proc Reg           	(hits: user - 1394024850, kern - 860951297)
Class: Scalar FP               	(hits: user - 3749113515, kern - 0)
