Instruction Classes:
Class:   UDEF                  	not counted
Class: morello add/sub cap     	(hits: user - 185140081, kern - 827979345)
Class: morello ld/st misc1     	(hits: user - 19035575, kern - 124218931)
Class: morello ld/st misc2     	(hits: user - 205614215, kern - 1033656844)
Class: morello ld/st misc3     	(hits: user - 17665242, kern - 91067446)
Class: morello ld/st uovab     	(hits: user - 0, kern - 4)
Class: morello ld/st misc4     	(hits: user - 16883204, kern - 269362279)
Class: morello ld/st uo        	(hits: user - 375726885, kern - 1466940490)
Class: morello sysreg          	(hits: user - 1417951, kern - 11292604)
Class: morello add extreg      	(hits: user - 77347921, kern - 260005353)
Class: morello misc            	(hits: user - 291890326, kern - 1743212890)
Class:   PCrel addr            	(hits: user - 777455074, kern - 541308193)
Class:   Add/Sub (imm)         	(hits: user - 8537461413, kern - 1079523701)
Class:   Logical (imm)         	(hits: user - 154245594, kern - 304856700)
Class:   Move Wide (imm)       	(hits: user - 560305855, kern - 470272613)
Class:   Bitfield              	(hits: user - 371194441, kern - 177072336)
Class:   Extract               	(hits: user - 2972765, kern - 19161700)
Class:   Cond Branch (imm)     	(hits: user - 5208800404, kern - 1310185948)
Class:   Exception Gen         	(hits: user - 210632, kern - 4)
Class:     NOP                 	not counted
Class:   Hints                 	(hits: user - 1415193, kern - 284897841)
Class:   Barriers              	(hits: user - 350816, kern - 29462506)
Class:   PSTATE                	(hits: user - 191232, kern - 16237742)
Class:   System Insn           	(hits: user - 72878206, kern - 35105473)
Class:   System Reg            	(hits: user - 228815880, kern - 48842124)
Class:   Branch (reg)          	(hits: user - 697876334, kern - 23399692)
Class:   Branch (imm)          	(hits: user - 827650948, kern - 336679161)
Class:   Cmp & Branch          	(hits: user - 720999295, kern - 608973205)
Class:   Tst & Branch          	(hits: user - 198425456, kern - 370770279)
Class:   AdvSimd ldstmult      	(hits: user - 471485, kern - 0)
Class:   AdvSimd ldstmult++    	(hits: user - 80, kern - 0)
Class:   AdvSimd ldst          	(hits: user - 466431, kern - 0)
Class:   AdvSimd ldst++        	(hits: user - 142414, kern - 0)
Class:   ldst excl             	(hits: user - 5130327, kern - 5221678)
Class:   Load Reg (lit)        	(hits: user - 8560976988, kern - 547365853)
Class:   ldst pair             	(hits: user - 6680717139, kern - 1321820327)
Class:   ldst reg (imm)        	(hits: user - 3765261936, kern - 1252015864)
Class: Loads & Stores          	(hits: user - 1510176, kern - 0)
Class: Data Proc Reg           	(hits: user - 5192761502, kern - 796025343)
Class: Scalar FP               	(hits: user - 4498459, kern - 0)
