Instruction Classes:
Class:   UDEF                  	not counted
Class: morello add/sub cap     	(hits: user - 185174424, kern - 889538007)
Class: morello ld/st misc1     	(hits: user - 19040502, kern - 136960061)
Class: morello ld/st misc2     	(hits: user - 205634637, kern - 1138257708)
Class: morello ld/st misc3     	(hits: user - 17670173, kern - 101073884)
Class: morello ld/st uovab     	(hits: user - 0, kern - 4)
Class: morello ld/st misc4     	(hits: user - 16879417, kern - 285225071)
Class: morello ld/st uo        	(hits: user - 375765351, kern - 1592164082)
Class: morello sysreg          	(hits: user - 1419357, kern - 13841481)
Class: morello add extreg      	(hits: user - 77356048, kern - 270039007)
Class: morello misc            	(hits: user - 291952373, kern - 1871688507)
Class:   PCrel addr            	(hits: user - 681732033, kern - 589044515)
Class:   Add/Sub (imm)         	(hits: user - 17623591338, kern - 1340876151)
Class:   Logical (imm)         	(hits: user - 558664454, kern - 321528726)
Class:   Move Wide (imm)       	(hits: user - 473102016, kern - 499760934)
Class:   Bitfield              	(hits: user - 619071884, kern - 183413185)
Class:   Extract               	(hits: user - 2980974, kern - 22055980)
Class:   Cond Branch (imm)     	(hits: user - 26096096485, kern - 1487296864)
Class:   Exception Gen         	(hits: user - 384074, kern - 4)
Class:     NOP                 	not counted
Class:   Hints                 	(hits: user - 7193861, kern - 310980823)
Class:   Barriers              	(hits: user - 350633, kern - 31379020)
Class:   PSTATE                	(hits: user - 190977, kern - 18541035)
Class:   System Insn           	(hits: user - 731003461, kern - 36668857)
Class:   System Reg            	(hits: user - 145143991, kern - 54150808)
Class:   Branch (reg)          	(hits: user - 418205383, kern - 26222972)
Class:   Branch (imm)          	(hits: user - 938559056, kern - 361825475)
Class:   Cmp & Branch          	(hits: user - 766254873, kern - 650727629)
Class:   Tst & Branch          	(hits: user - 1192131273, kern - 393047018)
Class:   AdvSimd ldstmult      	(hits: user - 2532476, kern - 0)
Class:   AdvSimd ldstmult++    	(hits: user - 81, kern - 0)
Class:   AdvSimd ldst          	(hits: user - 466429, kern - 0)
Class:   AdvSimd ldst++        	(hits: user - 142412, kern - 0)
Class:   ldst excl             	(hits: user - 3104753, kern - 5638319)
Class:   Load Reg (lit)        	(hits: user - 7577266874, kern - 715306466)
Class:   ldst pair             	(hits: user - 25551211482, kern - 1386078217)
Class:   ldst reg (imm)        	(hits: user - 13439331656, kern - 1343596409)
Class: Loads & Stores          	(hits: user - 1543128, kern - 0)
Class: Data Proc Reg           	(hits: user - 8597896210, kern - 839407936)
Class: Scalar FP               	(hits: user - 10535014, kern - 0)
