Instruction Classes:
Class:   UDEF                  	not counted
Class: morello add/sub cap     	(hits: user - 185691291, kern - 829137335)
Class: morello ld/st misc1     	(hits: user - 19102446, kern - 124723556)
Class: morello ld/st misc2     	(hits: user - 206108415, kern - 1034192804)
Class: morello ld/st misc3     	(hits: user - 17731232, kern - 91506715)
Class: morello ld/st uovab     	(hits: user - 0, kern - 4)
Class: morello ld/st misc4     	(hits: user - 33706010, kern - 266472361)
Class: morello ld/st uo        	(hits: user - 376631314, kern - 1467592786)
Class: morello sysreg          	(hits: user - 1437436, kern - 11275776)
Class: morello add extreg      	(hits: user - 77548502, kern - 260102673)
Class: morello misc            	(hits: user - 292928467, kern - 1746808964)
Class:   PCrel addr            	(hits: user - 360016539, kern - 541696456)
Class:   Add/Sub (imm)         	(hits: user - 980764426, kern - 1021127051)
Class:   Logical (imm)         	(hits: user - 109419352, kern - 304561817)
Class:   Move Wide (imm)       	(hits: user - 204280186, kern - 471171044)
Class:   Bitfield              	(hits: user - 199189884, kern - 177081662)
Class:   Extract               	(hits: user - 2983505, kern - 19828693)
Class:   Cond Branch (imm)     	(hits: user - 1103561547, kern - 1279271705)
Class:   Exception Gen         	(hits: user - 190700, kern - 4)
Class:     NOP                 	not counted
Class:   Hints                 	(hits: user - 111667, kern - 286500441)
Class:   Barriers              	(hits: user - 350661, kern - 29721622)
Class:   PSTATE                	(hits: user - 191009, kern - 16037728)
Class:   System Insn           	(hits: user - 8536669, kern - 35120336)
Class:   System Reg            	(hits: user - 155383512, kern - 48866886)
Class:   Branch (reg)          	(hits: user - 324110706, kern - 23659438)
Class:   Branch (imm)          	(hits: user - 502216468, kern - 336761625)
Class:   Cmp & Branch          	(hits: user - 292264160, kern - 607906077)
Class:   Tst & Branch          	(hits: user - 45172469, kern - 371164392)
Class:   AdvSimd ldstmult      	(hits: user - 2498421, kern - 0)
Class:   AdvSimd ldstmult++    	(hits: user - 84, kern - 0)
Class:   AdvSimd ldst          	(hits: user - 466430, kern - 0)
Class:   AdvSimd ldst++        	(hits: user - 143153, kern - 0)
Class:   ldst excl             	(hits: user - 2776922, kern - 5273493)
Class:   Load Reg (lit)        	(hits: user - 328320724, kern - 512958280)
Class:   ldst pair             	(hits: user - 1290888138, kern - 1322288511)
Class:   ldst reg (imm)        	(hits: user - 1082381438, kern - 1249277582)
Class: Loads & Stores          	(hits: user - 1543683, kern - 0)
Class: Data Proc Reg           	(hits: user - 588548714, kern - 798061904)
Class: Scalar FP               	(hits: user - 17813728, kern - 0)
