Instruction Classes:
Class:   UDEF                  	not counted
Class: morello add/sub cap     	(hits: user - 185127189, kern - 838642380)
Class: morello ld/st misc1     	(hits: user - 19034113, kern - 126900011)
Class: morello ld/st misc2     	(hits: user - 205607958, kern - 1053010440)
Class: morello ld/st misc3     	(hits: user - 17663791, kern - 93286459)
Class: morello ld/st uovab     	(hits: user - 0, kern - 4)
Class: morello ld/st misc4     	(hits: user - 22433613, kern - 270489584)
Class: morello ld/st uo        	(hits: user - 375710233, kern - 1490129995)
Class: morello sysreg          	(hits: user - 1417366, kern - 11812201)
Class: morello add extreg      	(hits: user - 77342015, kern - 261740548)
Class: morello misc            	(hits: user - 291867504, kern - 1768919886)
Class:   PCrel addr            	(hits: user - 750167241, kern - 549529605)
Class:   Add/Sub (imm)         	(hits: user - 6347312510, kern - 1070722410)
Class:   Logical (imm)         	(hits: user - 1105325863, kern - 308009282)
Class:   Move Wide (imm)       	(hits: user - 388684936, kern - 475758704)
Class:   Bitfield              	(hits: user - 740023780, kern - 178240750)
Class:   Extract               	(hits: user - 2972852, kern - 19363650)
Class:   Cond Branch (imm)     	(hits: user - 7524446249, kern - 1314574622)
Class:   Exception Gen         	(hits: user - 284627, kern - 4)
Class:     NOP                 	not counted
Class:   Hints                 	(hits: user - 17155771, kern - 289708585)
Class:   Barriers              	(hits: user - 438072, kern - 30403872)
Class:   PSTATE                	(hits: user - 191026, kern - 16826732)
Class:   System Insn           	(hits: user - 87091422, kern - 35572095)
Class:   System Reg            	(hits: user - 167754893, kern - 50434699)
Class:   Branch (reg)          	(hits: user - 776128470, kern - 23774491)
Class:   Branch (imm)          	(hits: user - 1305707941, kern - 341017961)
Class:   Cmp & Branch          	(hits: user - 1295496971, kern - 616979507)
Class:   Tst & Branch          	(hits: user - 1615897435, kern - 375966788)
Class:   AdvSimd ldstmult      	(hits: user - 819207, kern - 0)
Class:   AdvSimd ldstmult++    	(hits: user - 83, kern - 0)
Class:   AdvSimd ldst          	(hits: user - 466436, kern - 0)
Class:   AdvSimd ldst++        	(hits: user - 142396, kern - 0)
Class:   ldst excl             	(hits: user - 2866643, kern - 5281516)
Class:   Load Reg (lit)        	(hits: user - 5378978524, kern - 552612232)
Class:   ldst pair             	(hits: user - 8755287024, kern - 1333349021)
Class:   ldst reg (imm)        	(hits: user - 6368593257, kern - 1269313366)
Class: Loads & Stores          	(hits: user - 1510730, kern - 0)
Class: Data Proc Reg           	(hits: user - 4160857181, kern - 805015659)
Class: Scalar FP               	(hits: user - 30487153, kern - 0)
