Instruction Classes:
Class:   UDEF                  	not counted
Class: morello add/sub cap     	(hits: user - 185656637, kern - 826677680)
Class: morello ld/st misc1     	(hits: user - 19097124, kern - 124542172)
Class: morello ld/st misc2     	(hits: user - 206088985, kern - 1030506724)
Class: morello ld/st misc3     	(hits: user - 17725910, kern - 91578489)
Class: morello ld/st uovab     	(hits: user - 0, kern - 4)
Class: morello ld/st misc4     	(hits: user - 33706023, kern - 265580524)
Class: morello ld/st uo        	(hits: user - 376587015, kern - 1463381942)
Class: morello sysreg          	(hits: user - 1435774, kern - 11283808)
Class: morello add extreg      	(hits: user - 77536679, kern - 259924885)
Class: morello misc            	(hits: user - 292865410, kern - 1743037845)
Class:   PCrel addr            	(hits: user - 362672302, kern - 540123173)
Class:   Add/Sub (imm)         	(hits: user - 987884739, kern - 1008216719)
Class:   Logical (imm)         	(hits: user - 109403840, kern - 303795103)
Class:   Move Wide (imm)       	(hits: user - 204768961, kern - 470292476)
Class:   Bitfield              	(hits: user - 198918234, kern - 176884209)
Class:   Extract               	(hits: user - 2983658, kern - 19840540)
Class:   Cond Branch (imm)     	(hits: user - 1104167732, kern - 1271504211)
Class:   Exception Gen         	(hits: user - 190697, kern - 4)
Class:     NOP                 	not counted
Class:   Hints                 	(hits: user - 111667, kern - 286073477)
Class:   Barriers              	(hits: user - 350740, kern - 29966402)
Class:   PSTATE                	(hits: user - 191189, kern - 15957397)
Class:   System Insn           	(hits: user - 8536670, kern - 35118070)
Class:   System Reg            	(hits: user - 154192077, kern - 48952553)
Class:   Branch (reg)          	(hits: user - 324489755, kern - 23655294)
Class:   Branch (imm)          	(hits: user - 501517387, kern - 336011889)
Class:   Cmp & Branch          	(hits: user - 295500765, kern - 606147054)
Class:   Tst & Branch          	(hits: user - 45214752, kern - 370527901)
Class:   AdvSimd ldstmult      	(hits: user - 2498415, kern - 0)
Class:   AdvSimd ldstmult++    	(hits: user - 83, kern - 0)
Class:   AdvSimd ldst          	(hits: user - 466430, kern - 0)
Class:   AdvSimd ldst++        	(hits: user - 143126, kern - 0)
Class:   ldst excl             	(hits: user - 2776587, kern - 5269934)
Class:   Load Reg (lit)        	(hits: user - 328926167, kern - 506904627)
Class:   ldst pair             	(hits: user - 1320631408, kern - 1319626909)
Class:   ldst reg (imm)        	(hits: user - 1086832880, kern - 1246571929)
Class: Loads & Stores          	(hits: user - 1543498, kern - 0)
Class: Data Proc Reg           	(hits: user - 590345720, kern - 797337900)
Class: Scalar FP               	(hits: user - 17811418, kern - 0)
