Instruction Classes:
Class:   UDEF                  	not counted
Class: morello add/sub cap     	(hits: user - 185459660, kern - 833337157)
Class: morello ld/st misc1     	(hits: user - 19090125, kern - 124011738)
Class: morello ld/st misc2     	(hits: user - 205964419, kern - 1033713511)
Class: morello ld/st misc3     	(hits: user - 17720334, kern - 90532923)
Class: morello ld/st uovab     	(hits: user - 0, kern - 4)
Class: morello ld/st misc4     	(hits: user - 16985527, kern - 269591817)
Class: morello ld/st uo        	(hits: user - 376329132, kern - 1472072169)
Class: morello sysreg          	(hits: user - 1436146, kern - 10810654)
Class: morello add extreg      	(hits: user - 77425543, kern - 263023799)
Class: morello misc            	(hits: user - 292509451, kern - 1756394177)
Class:   PCrel addr            	(hits: user - 206403256, kern - 541626784)
Class:   Add/Sub (imm)         	(hits: user - 1075985248, kern - 1030126438)
Class:   Logical (imm)         	(hits: user - 74336077, kern - 308568499)
Class:   Move Wide (imm)       	(hits: user - 144814656, kern - 474676698)
Class:   Bitfield              	(hits: user - 112755623, kern - 179163955)
Class:   Extract               	(hits: user - 2975237, kern - 18780182)
Class:   Cond Branch (imm)     	(hits: user - 1326846075, kern - 1288667479)
Class:   Exception Gen         	(hits: user - 183576, kern - 4)
Class:     NOP                 	not counted
Class:   Hints                 	(hits: user - 651159, kern - 285293869)
Class:   Barriers              	(hits: user - 335638, kern - 30282695)
Class:   PSTATE                	(hits: user - 177161, kern - 16071366)
Class:   System Insn           	(hits: user - 32335639, kern - 36773835)
Class:   System Reg            	(hits: user - 132748171, kern - 49194548)
Class:   Branch (reg)          	(hits: user - 172507376, kern - 23121686)
Class:   Branch (imm)          	(hits: user - 444082896, kern - 337645403)
Class:   Cmp & Branch          	(hits: user - 211651042, kern - 612396995)
Class:   Tst & Branch          	(hits: user - 44436650, kern - 376466912)
Class:   AdvSimd ldstmult      	(hits: user - 551857, kern - 0)
Class:   AdvSimd ldstmult++    	(hits: user - 82, kern - 0)
Class:   AdvSimd ldst          	(hits: user - 466427, kern - 0)
Class:   AdvSimd ldst++        	(hits: user - 143212, kern - 0)
Class:   ldst excl             	(hits: user - 3208799, kern - 5311279)
Class:   Load Reg (lit)        	(hits: user - 450682302, kern - 514264762)
Class:   ldst pair             	(hits: user - 1527520733, kern - 1328693715)
Class:   ldst reg (imm)        	(hits: user - 600218772, kern - 1257398302)
Class: Loads & Stores          	(hits: user - 1510555, kern - 0)
Class: Data Proc Reg           	(hits: user - 824989746, kern - 801520791)
Class: Scalar FP               	(hits: user - 52698632, kern - 0)
