Instruction Classes:
Class:   UDEF                  	not counted
Class: morello add/sub cap     	(hits: user - 185382817, kern - 817153274)
Class: morello ld/st misc1     	(hits: user - 19085828, kern - 122204504)
Class: morello ld/st misc2     	(hits: user - 205916270, kern - 1012159623)
Class: morello ld/st misc3     	(hits: user - 17716534, kern - 89578120)
Class: morello ld/st uovab     	(hits: user - 0, kern - 4)
Class: morello ld/st misc4     	(hits: user - 16894143, kern - 264967050)
Class: morello ld/st uo        	(hits: user - 376233302, kern - 1442845603)
Class: morello sysreg          	(hits: user - 1436322, kern - 10620336)
Class: morello add extreg      	(hits: user - 77387324, kern - 258864346)
Class: morello misc            	(hits: user - 292376428, kern - 1724431277)
Class:   PCrel addr            	(hits: user - 296534968, kern - 530930562)
Class:   Add/Sub (imm)         	(hits: user - 749148832, kern - 1010862109)
Class:   Logical (imm)         	(hits: user - 82428246, kern - 302490990)
Class:   Move Wide (imm)       	(hits: user - 175460073, kern - 465918554)
Class:   Bitfield              	(hits: user - 146701068, kern - 176381139)
Class:   Extract               	(hits: user - 2974826, kern - 18409952)
Class:   Cond Branch (imm)     	(hits: user - 751661491, kern - 1267837818)
Class:   Exception Gen         	(hits: user - 180144, kern - 4)
Class:     NOP                 	not counted
Class:   Hints                 	(hits: user - 35443, kern - 280558812)
Class:   Barriers              	(hits: user - 350846, kern - 30081594)
Class:   PSTATE                	(hits: user - 191267, kern - 15702148)
Class:   System Insn           	(hits: user - 8312842, kern - 35461474)
Class:   System Reg            	(hits: user - 144577372, kern - 48494294)
Class:   Branch (reg)          	(hits: user - 298316608, kern - 22727788)
Class:   Branch (imm)          	(hits: user - 554891324, kern - 331712696)
Class:   Cmp & Branch          	(hits: user - 279878875, kern - 600960516)
Class:   Tst & Branch          	(hits: user - 44480940, kern - 369015472)
Class:   AdvSimd ldstmult      	(hits: user - 446601, kern - 0)
Class:   AdvSimd ldstmult++    	(hits: user - 81, kern - 0)
Class:   AdvSimd ldst          	(hits: user - 466439, kern - 0)
Class:   AdvSimd ldst++        	(hits: user - 143002, kern - 0)
Class:   ldst excl             	(hits: user - 2756195, kern - 5168975)
Class:   Load Reg (lit)        	(hits: user - 250989609, kern - 505277279)
Class:   ldst pair             	(hits: user - 1114907670, kern - 1310716585)
Class:   ldst reg (imm)        	(hits: user - 831689172, kern - 1234830900)
Class: Loads & Stores          	(hits: user - 1510424, kern - 0)
Class: Data Proc Reg           	(hits: user - 429129243, kern - 790149668)
Class: Scalar FP               	(hits: user - 3132664, kern - 0)
