Instruction Classes:
Class:   UDEF                  	not counted
Class: morello add/sub cap     	(hits: user - 411055747, kern - 828639560)
Class: morello ld/st misc1     	(hits: user - 28621291, kern - 124968365)
Class: morello ld/st misc2     	(hits: user - 374088866, kern - 1033370707)
Class: morello ld/st misc3     	(hits: user - 27250063, kern - 91832565)
Class: morello ld/st uovab     	(hits: user - 0, kern - 4)
Class: morello ld/st misc4     	(hits: user - 129412127, kern - 266116565)
Class: morello ld/st uo        	(hits: user - 669633177, kern - 1466841673)
Class: morello sysreg          	(hits: user - 18205924, kern - 11285887)
Class: morello add extreg      	(hits: user - 171226050, kern - 260174471)
Class: morello misc            	(hits: user - 812057129, kern - 1746954566)
Class:   PCrel addr            	(hits: user - 305205104, kern - 541384359)
Class:   Add/Sub (imm)         	(hits: user - 503677949, kern - 1014041579)
Class:   Logical (imm)         	(hits: user - 83286302, kern - 304442763)
Class:   Move Wide (imm)       	(hits: user - 192926970, kern - 471132535)
Class:   Bitfield              	(hits: user - 142275303, kern - 177060657)
Class:   Extract               	(hits: user - 2981516, kern - 19825641)
Class:   Cond Branch (imm)     	(hits: user - 865693305, kern - 1275499626)
Class:   Exception Gen         	(hits: user - 186240, kern - 4)
Class:     NOP                 	not counted
Class:   Hints                 	(hits: user - 25503, kern - 286743833)
Class:   Barriers              	(hits: user - 350838, kern - 30074036)
Class:   PSTATE                	(hits: user - 191190, kern - 16000352)
Class:   System Insn           	(hits: user - 8276961, kern - 35169829)
Class:   System Reg            	(hits: user - 131983463, kern - 49167446)
Class:   Branch (reg)          	(hits: user - 155407630, kern - 23665145)
Class:   Branch (imm)          	(hits: user - 499127865, kern - 336658932)
Class:   Cmp & Branch          	(hits: user - 403163952, kern - 607476811)
Class:   Tst & Branch          	(hits: user - 109508513, kern - 371237483)
Class:   AdvSimd ldstmult      	(hits: user - 446212, kern - 0)
Class:   AdvSimd ldstmult++    	(hits: user - 82, kern - 0)
Class:   AdvSimd ldst          	(hits: user - 466432, kern - 0)
Class:   AdvSimd ldst++        	(hits: user - 142670, kern - 0)
Class:   ldst excl             	(hits: user - 2761483, kern - 5274214)
Class:   Load Reg (lit)        	(hits: user - 253179690, kern - 509276059)
Class:   ldst pair             	(hits: user - 824019980, kern - 1321702154)
Class:   ldst reg (imm)        	(hits: user - 467063949, kern - 1248972214)
Class: Loads & Stores          	(hits: user - 1510524, kern - 0)
Class: Data Proc Reg           	(hits: user - 348215846, kern - 798455559)
Class: Scalar FP               	(hits: user - 11524879, kern - 0)
