Instruction Classes:
Class:   UDEF                  	not counted
Class: morello add/sub cap     	(hits: user - 528415529, kern - 821692097)
Class: morello ld/st misc1     	(hits: user - 50817403, kern - 122511489)
Class: morello ld/st misc2     	(hits: user - 501373547, kern - 1019853146)
Class: morello ld/st misc3     	(hits: user - 49446826, kern - 89516129)
Class: morello ld/st uovab     	(hits: user - 0, kern - 4)
Class: morello ld/st misc4     	(hits: user - 74838869, kern - 266181116)
Class: morello ld/st uo        	(hits: user - 812699059, kern - 1451776881)
Class: morello sysreg          	(hits: user - 16409082, kern - 10773091)
Class: morello add extreg      	(hits: user - 168505200, kern - 259882190)
Class: morello misc            	(hits: user - 779095424, kern - 1731468850)
Class:   PCrel addr            	(hits: user - 313823868, kern - 534551653)
Class:   Add/Sub (imm)         	(hits: user - 510558622, kern - 1019453028)
Class:   Logical (imm)         	(hits: user - 88133344, kern - 304262988)
Class:   Move Wide (imm)       	(hits: user - 189691301, kern - 468042399)
Class:   Bitfield              	(hits: user - 173843286, kern - 177124443)
Class:   Extract               	(hits: user - 2972981, kern - 18550374)
Class:   Cond Branch (imm)     	(hits: user - 830357359, kern - 1275111441)
Class:   Exception Gen         	(hits: user - 176146, kern - 4)
Class:     NOP                 	not counted
Class:   Hints                 	(hits: user - 25506, kern - 281481518)
Class:   Barriers              	(hits: user - 350574, kern - 29627410)
Class:   PSTATE                	(hits: user - 191010, kern - 15885804)
Class:   System Insn           	(hits: user - 8276961, kern - 35726252)
Class:   System Reg            	(hits: user - 127460856, kern - 48359454)
Class:   Branch (reg)          	(hits: user - 150816302, kern - 22842313)
Class:   Branch (imm)          	(hits: user - 548489320, kern - 333486341)
Class:   Cmp & Branch          	(hits: user - 401519810, kern - 604498919)
Class:   Tst & Branch          	(hits: user - 100317289, kern - 370311802)
Class:   AdvSimd ldstmult      	(hits: user - 446205, kern - 0)
Class:   AdvSimd ldstmult++    	(hits: user - 82, kern - 0)
Class:   AdvSimd ldst          	(hits: user - 466434, kern - 0)
Class:   AdvSimd ldst++        	(hits: user - 142518, kern - 0)
Class:   ldst excl             	(hits: user - 2739514, kern - 5206956)
Class:   Load Reg (lit)        	(hits: user - 253495032, kern - 510091711)
Class:   ldst pair             	(hits: user - 888944302, kern - 1315635508)
Class:   ldst reg (imm)        	(hits: user - 545576691, kern - 1241419859)
Class: Loads & Stores          	(hits: user - 1510340, kern - 0)
Class: Data Proc Reg           	(hits: user - 383997940, kern - 792262777)
Class: Scalar FP               	(hits: user - 3114199, kern - 0)
