Instruction Classes:
Class:   UDEF                  	not counted
Class: morello add/sub cap     	(hits: user - 2414625943, kern - 845485088)
Class: morello ld/st misc1     	(hits: user - 73473856, kern - 128434655)
Class: morello ld/st misc2     	(hits: user - 1076299676, kern - 1068115175)
Class: morello ld/st misc3     	(hits: user - 72101862, kern - 94502344)
Class: morello ld/st uovab     	(hits: user - 0, kern - 4)
Class: morello ld/st misc4     	(hits: user - 2101332361, kern - 271654449)
Class: morello ld/st uo        	(hits: user - 2044990514, kern - 1505676478)
Class: morello sysreg          	(hits: user - 34949574, kern - 12332109)
Class: morello add extreg      	(hits: user - 995634300, kern - 262567530)
Class: morello misc            	(hits: user - 6622250458, kern - 1780367839)
Class:   PCrel addr            	(hits: user - 775190624, kern - 556701247)
Class:   Add/Sub (imm)         	(hits: user - 4356443566, kern - 1064435736)
Class:   Logical (imm)         	(hits: user - 1138523094, kern - 309853386)
Class:   Move Wide (imm)       	(hits: user - 508580184, kern - 478496333)
Class:   Bitfield              	(hits: user - 935519835, kern - 178749205)
Class:   Extract               	(hits: user - 2972644, kern - 20021571)
Class:   Cond Branch (imm)     	(hits: user - 7664076490, kern - 1316014791)
Class:   Exception Gen         	(hits: user - 284552, kern - 4)
Class:     NOP                 	not counted
Class:   Hints                 	(hits: user - 25506, kern - 292710390)
Class:   Barriers              	(hits: user - 438403, kern - 29994157)
Class:   PSTATE                	(hits: user - 191243, kern - 17136221)
Class:   System Insn           	(hits: user - 8276961, kern - 35214126)
Class:   System Reg            	(hits: user - 129421978, kern - 50580113)
Class:   Branch (reg)          	(hits: user - 159183539, kern - 24152262)
Class:   Branch (imm)          	(hits: user - 1308271229, kern - 344449182)
Class:   Cmp & Branch          	(hits: user - 3788887210, kern - 622213294)
Class:   Tst & Branch          	(hits: user - 2765668516, kern - 376073169)
Class:   AdvSimd ldstmult      	(hits: user - 446198, kern - 0)
Class:   AdvSimd ldstmult++    	(hits: user - 80, kern - 0)
Class:   AdvSimd ldst          	(hits: user - 467050, kern - 0)
Class:   AdvSimd ldst++        	(hits: user - 28142819, kern - 0)
Class:   ldst excl             	(hits: user - 2868118, kern - 5391587)
Class:   Load Reg (lit)        	(hits: user - 5383949473, kern - 553789542)
Class:   ldst pair             	(hits: user - 7626627792, kern - 1340289345)
Class:   ldst reg (imm)        	(hits: user - 3487430211, kern - 1281377222)
Class: Loads & Stores          	(hits: user - 1510154, kern - 0)
Class: Data Proc Reg           	(hits: user - 2548221092, kern - 810054540)
Class: Scalar FP               	(hits: user - 29384474, kern - 0)
