Instruction Classes:
Class:   UDEF                  	not counted
Class: morello add/sub cap     	(hits: user - 15456063999, kern - 912726529)
Class: morello ld/st misc1     	(hits: user - 126224868, kern - 145043143)
Class: morello ld/st misc2     	(hits: user - 2730645482, kern - 1190506369)
Class: morello ld/st misc3     	(hits: user - 124853878, kern - 108275839)
Class: morello ld/st uovab     	(hits: user - 0, kern - 4)
Class: morello ld/st misc4     	(hits: user - 11976436865, kern - 291271730)
Class: morello ld/st uo        	(hits: user - 2271215502, kern - 1648627506)
Class: morello sysreg          	(hits: user - 10101077, kern - 15734237)
Class: morello add extreg      	(hits: user - 778670618, kern - 272609205)
Class: morello misc            	(hits: user - 48043358948, kern - 1918819781)
Class:   PCrel addr            	(hits: user - 897764317, kern - 614291415)
Class:   Add/Sub (imm)         	(hits: user - 4448819508, kern - 1235673126)
Class:   Logical (imm)         	(hits: user - 530927758, kern - 327513454)
Class:   Move Wide (imm)       	(hits: user - 821966648, kern - 509613811)
Class:   Bitfield              	(hits: user - 775699235, kern - 184783700)
Class:   Extract               	(hits: user - 2980466, kern - 24159295)
Class:   Cond Branch (imm)     	(hits: user - 28124695940, kern - 1451938223)
Class:   Exception Gen         	(hits: user - 391126, kern - 4)
Class:     NOP                 	not counted
Class:   Hints                 	(hits: user - 25503, kern - 324370407)
Class:   Barriers              	(hits: user - 350779, kern - 32699778)
Class:   PSTATE                	(hits: user - 191033, kern - 19645357)
Class:   System Insn           	(hits: user - 8276961, kern - 35169890)
Class:   System Reg            	(hits: user - 132637561, kern - 57653657)
Class:   Branch (reg)          	(hits: user - 186489583, kern - 27667534)
Class:   Branch (imm)          	(hits: user - 1023464436, kern - 373831839)
Class:   Cmp & Branch          	(hits: user - 23898718382, kern - 668806226)
Class:   Tst & Branch          	(hits: user - 11980766321, kern - 395297406)
Class:   AdvSimd ldstmult      	(hits: user - 446226, kern - 0)
Class:   AdvSimd ldstmult++    	(hits: user - 84, kern - 0)
Class:   AdvSimd ldst          	(hits: user - 466431, kern - 0)
Class:   AdvSimd ldst++        	(hits: user - 142490, kern - 0)
Class:   ldst excl             	(hits: user - 3127577, kern - 6055604)
Class:   Load Reg (lit)        	(hits: user - 11956527156, kern - 675407284)
Class:   ldst pair             	(hits: user - 28599192401, kern - 1410730759)
Class:   ldst reg (imm)        	(hits: user - 1560763419, kern - 1386801998)
Class: Loads & Stores          	(hits: user - 1510894, kern - 0)
Class: Data Proc Reg           	(hits: user - 1345495143, kern - 861243711)
Class: Scalar FP               	(hits: user - 10936548, kern - 0)
