Instruction Classes:
Class:   UDEF                  	not counted
Class: morello add/sub cap     	(hits: user - 1913576440, kern - 1107584906)
Class: morello ld/st misc1     	(hits: user - 71089445, kern - 176297566)
Class: morello ld/st misc2     	(hits: user - 1713586476, kern - 1501642121)
Class: morello ld/st misc3     	(hits: user - 69717723, kern - 134550691)
Class: morello ld/st uovab     	(hits: user - 0, kern - 4)
Class: morello ld/st misc4     	(hits: user - 538547382, kern - 307925405)
Class: morello ld/st uo        	(hits: user - 2906691974, kern - 2044161157)
Class: morello sysreg          	(hits: user - 155417717, kern - 26861861)
Class: morello add extreg      	(hits: user - 845432648, kern - 299072215)
Class: morello misc            	(hits: user - 2215410297, kern - 2271804822)
Class:   PCrel addr            	(hits: user - 963654129, kern - 794032372)
Class:   Add/Sub (imm)         	(hits: user - 1995095559, kern - 1195137997)
Class:   Logical (imm)         	(hits: user - 1133430475, kern - 360552261)
Class:   Move Wide (imm)       	(hits: user - 716528336, kern - 588432216)
Class:   Bitfield              	(hits: user - 1098332252, kern - 198841305)
Class:   Extract               	(hits: user - 2972891, kern - 38795503)
Class:   Cond Branch (imm)     	(hits: user - 2538477204, kern - 1521714281)
Class:   Exception Gen         	(hits: user - 569781, kern - 4)
Class:     NOP                 	not counted
Class:   Hints                 	(hits: user - 25506, kern - 411619788)
Class:   Barriers              	(hits: user - 350992, kern - 37932958)
Class:   PSTATE                	(hits: user - 191243, kern - 23673831)
Class:   System Insn           	(hits: user - 8276961, kern - 35183424)
Class:   System Reg            	(hits: user - 128745473, kern - 70422967)
Class:   Branch (reg)          	(hits: user - 151953452, kern - 43224715)
Class:   Branch (imm)          	(hits: user - 932334644, kern - 453757887)
Class:   Cmp & Branch          	(hits: user - 915680536, kern - 785165510)
Class:   Tst & Branch          	(hits: user - 809794736, kern - 449555771)
Class:   AdvSimd ldstmult      	(hits: user - 446205, kern - 0)
Class:   AdvSimd ldstmult++    	(hits: user - 81, kern - 0)
Class:   AdvSimd ldst          	(hits: user - 466436, kern - 0)
Class:   AdvSimd ldst++        	(hits: user - 142496, kern - 0)
Class:   ldst excl             	(hits: user - 106089136, kern - 7305648)
Class:   Load Reg (lit)        	(hits: user - 281410228, kern - 621011611)
Class:   ldst pair             	(hits: user - 2717590551, kern - 1585213955)
Class:   ldst reg (imm)        	(hits: user - 1606404239, kern - 1613659715)
Class: Loads & Stores          	(hits: user - 1510339, kern - 0)
Class: Data Proc Reg           	(hits: user - 1271951846, kern - 955342305)
Class: Scalar FP               	(hits: user - 104047287, kern - 0)
