Instruction Classes:
Class:   UDEF                  	not counted
Class: morello add/sub cap     	(hits: user - 921947589, kern - 842482303)
Class: morello ld/st misc1     	(hits: user - 22261018, kern - 124046298)
Class: morello ld/st misc2     	(hits: user - 289699929, kern - 1046629342)
Class: morello ld/st misc3     	(hits: user - 20889504, kern - 90351752)
Class: morello ld/st uovab     	(hits: user - 0, kern - 4)
Class: morello ld/st misc4     	(hits: user - 546144517, kern - 271784988)
Class: morello ld/st uo        	(hits: user - 456617366, kern - 1487476074)
Class: morello sysreg          	(hits: user - 3823060, kern - 11200684)
Class: morello add extreg      	(hits: user - 285756498, kern - 265767917)
Class: morello misc            	(hits: user - 1302917228, kern - 1772316197)
Class:   PCrel addr            	(hits: user - 209587718, kern - 547957462)
Class:   Add/Sub (imm)         	(hits: user - 500053321, kern - 1024133331)
Class:   Logical (imm)         	(hits: user - 76016192, kern - 312798454)
Class:   Move Wide (imm)       	(hits: user - 146334563, kern - 480123171)
Class:   Bitfield              	(hits: user - 121138931, kern - 180978897)
Class:   Extract               	(hits: user - 2972779, kern - 19030681)
Class:   Cond Branch (imm)     	(hits: user - 1416102310, kern - 1291684164)
Class:   Exception Gen         	(hits: user - 179496, kern - 4)
Class:     NOP                 	not counted
Class:   Hints                 	(hits: user - 25506, kern - 287382647)
Class:   Barriers              	(hits: user - 350798, kern - 29482845)
Class:   PSTATE                	(hits: user - 191248, kern - 16324775)
Class:   System Insn           	(hits: user - 8276961, kern - 37468093)
Class:   System Reg            	(hits: user - 130366873, kern - 48690320)
Class:   Branch (reg)          	(hits: user - 153967875, kern - 23482265)
Class:   Branch (imm)          	(hits: user - 444707252, kern - 341508998)
Class:   Cmp & Branch          	(hits: user - 508358642, kern - 618901975)
Class:   Tst & Branch          	(hits: user - 193735884, kern - 379302254)
Class:   AdvSimd ldstmult      	(hits: user - 446213, kern - 0)
Class:   AdvSimd ldstmult++    	(hits: user - 82, kern - 0)
Class:   AdvSimd ldst          	(hits: user - 466430, kern - 0)
Class:   AdvSimd ldst++        	(hits: user - 142498, kern - 0)
Class:   ldst excl             	(hits: user - 3262827, kern - 5472795)
Class:   Load Reg (lit)        	(hits: user - 327328221, kern - 512286526)
Class:   ldst pair             	(hits: user - 1496147973, kern - 1337318635)
Class:   ldst reg (imm)        	(hits: user - 404000554, kern - 1269546777)
Class: Loads & Stores          	(hits: user - 1510525, kern - 0)
Class: Data Proc Reg           	(hits: user - 1086676938, kern - 806500525)
Class: Scalar FP               	(hits: user - 3650344, kern - 0)
