Instruction Classes:
Class:   UDEF                  	not counted
Class: morello add/sub cap     	(hits: user - 3141825334, kern - 831617608)
Class: morello ld/st misc1     	(hits: user - 371282938, kern - 125884782)
Class: morello ld/st misc2     	(hits: user - 1196677894, kern - 1041269304)
Class: morello ld/st misc3     	(hits: user - 369912159, kern - 92625593)
Class: morello ld/st uovab     	(hits: user - 0, kern - 4)
Class: morello ld/st misc4     	(hits: user - 513548810, kern - 267334367)
Class: morello ld/st uo        	(hits: user - 2394117685, kern - 1475863457)
Class: morello sysreg          	(hits: user - 92961493, kern - 11508871)
Class: morello add extreg      	(hits: user - 1531060323, kern - 260993128)
Class: morello misc            	(hits: user - 4589028823, kern - 1752149232)
Class:   PCrel addr            	(hits: user - 1058810888, kern - 544657722)
Class:   Add/Sub (imm)         	(hits: user - 2418249036, kern - 1027840671)
Class:   Logical (imm)         	(hits: user - 620263297, kern - 306604005)
Class:   Move Wide (imm)       	(hits: user - 474772619, kern - 472658071)
Class:   Bitfield              	(hits: user - 1188755804, kern - 177748035)
Class:   Extract               	(hits: user - 2972903, kern - 19484515)
Class:   Cond Branch (imm)     	(hits: user - 4386576148, kern - 1286834166)
Class:   Exception Gen         	(hits: user - 181240, kern - 4)
Class:     NOP                 	not counted
Class:   Hints                 	(hits: user - 25506, kern - 287255030)
Class:   Barriers              	(hits: user - 350314, kern - 30283886)
Class:   PSTATE                	(hits: user - 190801, kern - 16275532)
Class:   System Insn           	(hits: user - 8276961, kern - 35185850)
Class:   System Reg            	(hits: user - 126252235, kern - 49876082)
Class:   Branch (reg)          	(hits: user - 150358710, kern - 23421383)
Class:   Branch (imm)          	(hits: user - 1265178506, kern - 338795135)
Class:   Cmp & Branch          	(hits: user - 1660531552, kern - 612024641)
Class:   Tst & Branch          	(hits: user - 516610909, kern - 371864402)
Class:   AdvSimd ldstmult      	(hits: user - 446213, kern - 0)
Class:   AdvSimd ldstmult++    	(hits: user - 82, kern - 0)
Class:   AdvSimd ldst          	(hits: user - 466428, kern - 0)
Class:   AdvSimd ldst++        	(hits: user - 142476, kern - 0)
Class:   ldst excl             	(hits: user - 2749098, kern - 5373655)
Class:   Load Reg (lit)        	(hits: user - 3029113568, kern - 522155029)
Class:   ldst pair             	(hits: user - 5438388215, kern - 1326337082)
Class:   ldst reg (imm)        	(hits: user - 2826216450, kern - 1260288693)
Class: Loads & Stores          	(hits: user - 1510524, kern - 0)
Class: Data Proc Reg           	(hits: user - 4517507142, kern - 801955234)
Class: Scalar FP               	(hits: user - 8795186, kern - 0)
