Instruction Classes:
Class:   UDEF                  	not counted
Class: morello add/sub cap     	(hits: user - 1394034845, kern - 836201034)
Class: morello ld/st misc1     	(hits: user - 22544718, kern - 125982118)
Class: morello ld/st misc2     	(hits: user - 491593399, kern - 1044483940)
Class: morello ld/st misc3     	(hits: user - 21173081, kern - 92346335)
Class: morello ld/st uovab     	(hits: user - 0, kern - 4)
Class: morello ld/st misc4     	(hits: user - 458142734, kern - 273477098)
Class: morello ld/st uo        	(hits: user - 1008658407, kern - 1482863879)
Class: morello sysreg          	(hits: user - 36502444, kern - 11440065)
Class: morello add extreg      	(hits: user - 295699458, kern - 261297321)
Class: morello misc            	(hits: user - 2157151724, kern - 1759733222)
Class:   PCrel addr            	(hits: user - 432909996, kern - 548335534)
Class:   Add/Sub (imm)         	(hits: user - 1303455390, kern - 1072361072)
Class:   Logical (imm)         	(hits: user - 168732919, kern - 306528194)
Class:   Move Wide (imm)       	(hits: user - 236406786, kern - 473427224)
Class:   Bitfield              	(hits: user - 234575038, kern - 177861115)
Class:   Extract               	(hits: user - 2972804, kern - 19630075)
Class:   Cond Branch (imm)     	(hits: user - 2216384886, kern - 1310527734)
Class:   Exception Gen         	(hits: user - 221055, kern - 4)
Class:     NOP                 	not counted
Class:   Hints                 	(hits: user - 25506, kern - 288540448)
Class:   Barriers              	(hits: user - 350651, kern - 30323956)
Class:   PSTATE                	(hits: user - 191065, kern - 16404289)
Class:   System Insn           	(hits: user - 8276961, kern - 35188399)
Class:   System Reg            	(hits: user - 131229430, kern - 49911825)
Class:   Branch (reg)          	(hits: user - 155310007, kern - 23967203)
Class:   Branch (imm)          	(hits: user - 643623755, kern - 339255068)
Class:   Cmp & Branch          	(hits: user - 1240562277, kern - 614405470)
Class:   Tst & Branch          	(hits: user - 408150014, kern - 374631306)
Class:   AdvSimd ldstmult      	(hits: user - 446219, kern - 0)
Class:   AdvSimd ldstmult++    	(hits: user - 83, kern - 0)
Class:   AdvSimd ldst          	(hits: user - 466431, kern - 0)
Class:   AdvSimd ldst++        	(hits: user - 142498, kern - 0)
Class:   ldst excl             	(hits: user - 486746140, kern - 5230984)
Class:   Load Reg (lit)        	(hits: user - 1769310826, kern - 537363895)
Class:   ldst pair             	(hits: user - 2285142853, kern - 1330875028)
Class:   ldst reg (imm)        	(hits: user - 784745362, kern - 1261383872)
Class: Loads & Stores          	(hits: user - 1510710, kern - 0)
Class: Data Proc Reg           	(hits: user - 1078217905, kern - 800687886)
Class: Scalar FP               	(hits: user - 210474685, kern - 0)
