Instruction Classes:
Class:   UDEF                  	not counted
Class: morello add/sub cap     	(hits: user - 1269986434, kern - 982679664)
Class: morello ld/st misc1     	(hits: user - 20171425, kern - 140562119)
Class: morello ld/st misc2     	(hits: user - 1862260858, kern - 1230754831)
Class: morello ld/st misc3     	(hits: user - 18800157, kern - 99958959)
Class: morello ld/st uovab     	(hits: user - 0, kern - 4)
Class: morello ld/st misc4     	(hits: user - 244005126, kern - 308883201)
Class: morello ld/st uo        	(hits: user - 2224148007, kern - 1740460323)
Class: morello sysreg          	(hits: user - 1422004, kern - 13036009)
Class: morello add extreg      	(hits: user - 1053618682, kern - 304118353)
Class: morello misc            	(hits: user - 2001276616, kern - 2055431712)
Class:   PCrel addr            	(hits: user - 1382834536, kern - 640437034)
Class:   Add/Sub (imm)         	(hits: user - 836175702, kern - 1102249782)
Class:   Logical (imm)         	(hits: user - 70510049, kern - 369655515)
Class:   Move Wide (imm)       	(hits: user - 1255862469, kern - 559257075)
Class:   Bitfield              	(hits: user - 104525494, kern - 206784499)
Class:   Extract               	(hits: user - 2972594, kern - 21860081)
Class:   Cond Branch (imm)     	(hits: user - 1785787867, kern - 1429100378)
Class:   Exception Gen         	(hits: user - 175699, kern - 4)
Class:     NOP                 	not counted
Class:   Hints                 	(hits: user - 25506, kern - 329304563)
Class:   Barriers              	(hits: user - 350645, kern - 32196813)
Class:   PSTATE                	(hits: user - 191092, kern - 19288016)
Class:   System Insn           	(hits: user - 8276961, kern - 48875178)
Class:   System Reg            	(hits: user - 128171158, kern - 55351363)
Class:   Branch (reg)          	(hits: user - 151833750, kern - 26791133)
Class:   Branch (imm)          	(hits: user - 1075485724, kern - 394800704)
Class:   Cmp & Branch          	(hits: user - 767889437, kern - 719783630)
Class:   Tst & Branch          	(hits: user - 209342932, kern - 444178213)
Class:   AdvSimd ldstmult      	(hits: user - 446198, kern - 0)
Class:   AdvSimd ldstmult++    	(hits: user - 80, kern - 0)
Class:   AdvSimd ldst          	(hits: user - 466428, kern - 0)
Class:   AdvSimd ldst++        	(hits: user - 142490, kern - 0)
Class:   ldst excl             	(hits: user - 2738069, kern - 7091451)
Class:   Load Reg (lit)        	(hits: user - 943174860, kern - 550757772)
Class:   ldst pair             	(hits: user - 2141099306, kern - 1488990892)
Class:   ldst reg (imm)        	(hits: user - 5452731975, kern - 1471964628)
Class: Loads & Stores          	(hits: user - 1510154, kern - 0)
Class: Data Proc Reg           	(hits: user - 1264156706, kern - 910610413)
Class: Scalar FP               	(hits: user - 3749075543, kern - 0)
