Instruction Classes:
Class:   UDEF                  	not counted
Class: morello add/sub cap     	(hits: user - 2411493264, kern - 848493954)
Class: morello ld/st misc1     	(hits: user - 19105848, kern - 130578064)
Class: morello ld/st misc2     	(hits: user - 3398450010, kern - 1071209722)
Class: morello ld/st misc3     	(hits: user - 17734840, kern - 96640083)
Class: morello ld/st uovab     	(hits: user - 0, kern - 4)
Class: morello ld/st misc4     	(hits: user - 256716197, kern - 270171755)
Class: morello ld/st uo        	(hits: user - 14556347900, kern - 1512948243)
Class: morello sysreg          	(hits: user - 1561796, kern - 12248123)
Class: morello add extreg      	(hits: user - 102786641, kern - 264128569)
Class: morello misc            	(hits: user - 3073552890, kern - 1788864778)
Class:   PCrel addr            	(hits: user - 3021776909, kern - 559265754)
Class:   Add/Sub (imm)         	(hits: user - 3109425837, kern - 1042307225)
Class:   Logical (imm)         	(hits: user - 1316919117, kern - 311908897)
Class:   Move Wide (imm)       	(hits: user - 264700089, kern - 481204681)
Class:   Bitfield              	(hits: user - 178672901, kern - 179775594)
Class:   Extract               	(hits: user - 2972622, kern - 20310504)
Class:   Cond Branch (imm)     	(hits: user - 4845733632, kern - 1306385243)
Class:   Exception Gen         	(hits: user - 175793, kern - 4)
Class:     NOP                 	not counted
Class:   Hints                 	(hits: user - 25506, kern - 295539881)
Class:   Barriers              	(hits: user - 351233, kern - 31772652)
Class:   PSTATE                	(hits: user - 191185, kern - 16777763)
Class:   System Insn           	(hits: user - 8276961, kern - 35346260)
Class:   System Reg            	(hits: user - 130751251, kern - 52350923)
Class:   Branch (reg)          	(hits: user - 153974720, kern - 24120887)
Class:   Branch (imm)          	(hits: user - 1560411784, kern - 346480987)
Class:   Cmp & Branch          	(hits: user - 4457049715, kern - 624526458)
Class:   Tst & Branch          	(hits: user - 39055806, kern - 377645588)
Class:   AdvSimd ldstmult      	(hits: user - 446198, kern - 0)
Class:   AdvSimd ldstmult++    	(hits: user - 80, kern - 0)
Class:   AdvSimd ldst          	(hits: user - 466432, kern - 0)
Class:   AdvSimd ldst++        	(hits: user - 142490, kern - 0)
Class:   ldst excl             	(hits: user - 2738663, kern - 5626906)
Class:   Load Reg (lit)        	(hits: user - 368987302, kern - 534012483)
Class:   ldst pair             	(hits: user - 2887069993, kern - 1345544056)
Class:   ldst reg (imm)        	(hits: user - 7648221621, kern - 1288949981)
Class: Loads & Stores          	(hits: user - 1510154, kern - 0)
Class: Data Proc Reg           	(hits: user - 2027052218, kern - 816772629)
Class: Scalar FP               	(hits: user - 3107033, kern - 0)
