Instruction Classes:
Class:   UDEF                  	not counted
Class: morello add/sub cap     	(hits: user - 2239478578, kern - 835363267)
Class: morello ld/st misc1     	(hits: user - 32105580, kern - 126829138)
Class: morello ld/st misc2     	(hits: user - 1378559074, kern - 1047854102)
Class: morello ld/st misc3     	(hits: user - 30734022, kern - 93584434)
Class: morello ld/st uovab     	(hits: user - 0, kern - 4)
Class: morello ld/st misc4     	(hits: user - 4816774602, kern - 269092067)
Class: morello ld/st uo        	(hits: user - 2014233192, kern - 1484071602)
Class: morello sysreg          	(hits: user - 100330619, kern - 11786239)
Class: morello add extreg      	(hits: user - 566421281, kern - 261638317)
Class: morello misc            	(hits: user - 5031177274, kern - 1760627245)
Class:   PCrel addr            	(hits: user - 792085092, kern - 548299096)
Class:   Add/Sub (imm)         	(hits: user - 8712892650, kern - 1038343163)
Class:   Logical (imm)         	(hits: user - 143936280, kern - 307289953)
Class:   Move Wide (imm)       	(hits: user - 1190672081, kern - 474423971)
Class:   Bitfield              	(hits: user - 854388824, kern - 178039798)
Class:   Extract               	(hits: user - 2972973, kern - 19687605)
Class:   Cond Branch (imm)     	(hits: user - 4014547404, kern - 1295104950)
Class:   Exception Gen         	(hits: user - 198694, kern - 4)
Class:     NOP                 	not counted
Class:   Hints                 	(hits: user - 25506, kern - 289438057)
Class:   Barriers              	(hits: user - 351016, kern - 30614139)
Class:   PSTATE                	(hits: user - 191283, kern - 16424970)
Class:   System Insn           	(hits: user - 8276961, kern - 35155411)
Class:   System Reg            	(hits: user - 132091825, kern - 50395749)
Class:   Branch (reg)          	(hits: user - 157831019, kern - 23777148)
Class:   Branch (imm)          	(hits: user - 819532260, kern - 340495729)
Class:   Cmp & Branch          	(hits: user - 2607052595, kern - 614470595)
Class:   Tst & Branch          	(hits: user - 1049531699, kern - 373123351)
Class:   AdvSimd ldstmult      	(hits: user - 446226, kern - 0)
Class:   AdvSimd ldstmult++    	(hits: user - 85, kern - 0)
Class:   AdvSimd ldst          	(hits: user - 466429, kern - 0)
Class:   AdvSimd ldst++        	(hits: user - 142498, kern - 0)
Class:   ldst excl             	(hits: user - 5602692, kern - 5394254)
Class:   Load Reg (lit)        	(hits: user - 4745411041, kern - 529332752)
Class:   ldst pair             	(hits: user - 4583243501, kern - 1329839053)
Class:   ldst reg (imm)        	(hits: user - 963475073, kern - 1266175746)
Class: Loads & Stores          	(hits: user - 1510894, kern - 0)
Class: Data Proc Reg           	(hits: user - 890158309, kern - 804409790)
Class: Scalar FP               	(hits: user - 4116902, kern - 0)
